Component: Arm Compiler for Embedded 6.22 Tool: armlink [5ee90200]

==============================================================================

Section Cross References

    stm32f10x_gpio.o(.text.GPIO_DeInit) refers to stm32f10x_rcc.o(.text.RCC_APB2PeriphResetCmd) for RCC_APB2PeriphResetCmd
    stm32f10x_gpio.o(.ARM.exidx.text.GPIO_DeInit) refers to stm32f10x_gpio.o(.text.GPIO_DeInit) for [Anonymous Symbol]
    stm32f10x_gpio.o(.text.GPIO_AFIODeInit) refers to stm32f10x_rcc.o(.text.RCC_APB2PeriphResetCmd) for RCC_APB2PeriphResetCmd
    stm32f10x_gpio.o(.ARM.exidx.text.GPIO_AFIODeInit) refers to stm32f10x_gpio.o(.text.GPIO_AFIODeInit) for [Anonymous Symbol]
    stm32f10x_gpio.o(.ARM.exidx.text.GPIO_Init) refers to stm32f10x_gpio.o(.text.GPIO_Init) for [Anonymous Symbol]
    stm32f10x_gpio.o(.ARM.exidx.text.GPIO_StructInit) refers to stm32f10x_gpio.o(.text.GPIO_StructInit) for [Anonymous Symbol]
    stm32f10x_gpio.o(.ARM.exidx.text.GPIO_ReadInputDataBit) refers to stm32f10x_gpio.o(.text.GPIO_ReadInputDataBit) for [Anonymous Symbol]
    stm32f10x_gpio.o(.ARM.exidx.text.GPIO_ReadInputData) refers to stm32f10x_gpio.o(.text.GPIO_ReadInputData) for [Anonymous Symbol]
    stm32f10x_gpio.o(.ARM.exidx.text.GPIO_ReadOutputDataBit) refers to stm32f10x_gpio.o(.text.GPIO_ReadOutputDataBit) for [Anonymous Symbol]
    stm32f10x_gpio.o(.ARM.exidx.text.GPIO_ReadOutputData) refers to stm32f10x_gpio.o(.text.GPIO_ReadOutputData) for [Anonymous Symbol]
    stm32f10x_gpio.o(.ARM.exidx.text.GPIO_SetBits) refers to stm32f10x_gpio.o(.text.GPIO_SetBits) for [Anonymous Symbol]
    stm32f10x_gpio.o(.ARM.exidx.text.GPIO_ResetBits) refers to stm32f10x_gpio.o(.text.GPIO_ResetBits) for [Anonymous Symbol]
    stm32f10x_gpio.o(.ARM.exidx.text.GPIO_WriteBit) refers to stm32f10x_gpio.o(.text.GPIO_WriteBit) for [Anonymous Symbol]
    stm32f10x_gpio.o(.ARM.exidx.text.GPIO_Write) refers to stm32f10x_gpio.o(.text.GPIO_Write) for [Anonymous Symbol]
    stm32f10x_gpio.o(.ARM.exidx.text.GPIO_PinLockConfig) refers to stm32f10x_gpio.o(.text.GPIO_PinLockConfig) for [Anonymous Symbol]
    stm32f10x_gpio.o(.ARM.exidx.text.GPIO_EventOutputConfig) refers to stm32f10x_gpio.o(.text.GPIO_EventOutputConfig) for [Anonymous Symbol]
    stm32f10x_gpio.o(.ARM.exidx.text.GPIO_EventOutputCmd) refers to stm32f10x_gpio.o(.text.GPIO_EventOutputCmd) for [Anonymous Symbol]
    stm32f10x_gpio.o(.ARM.exidx.text.GPIO_PinRemapConfig) refers to stm32f10x_gpio.o(.text.GPIO_PinRemapConfig) for [Anonymous Symbol]
    stm32f10x_gpio.o(.ARM.exidx.text.GPIO_EXTILineConfig) refers to stm32f10x_gpio.o(.text.GPIO_EXTILineConfig) for [Anonymous Symbol]
    stm32f10x_gpio.o(.ARM.exidx.text.GPIO_ETH_MediaInterfaceConfig) refers to stm32f10x_gpio.o(.text.GPIO_ETH_MediaInterfaceConfig) for [Anonymous Symbol]
    stm32f10x_rcc.o(.ARM.exidx.text.RCC_DeInit) refers to stm32f10x_rcc.o(.text.RCC_DeInit) for [Anonymous Symbol]
    stm32f10x_rcc.o(.ARM.exidx.text.RCC_HSEConfig) refers to stm32f10x_rcc.o(.text.RCC_HSEConfig) for [Anonymous Symbol]
    stm32f10x_rcc.o(.text.RCC_WaitForHSEStartUp) refers to stm32f10x_rcc.o(.text.RCC_GetFlagStatus) for RCC_GetFlagStatus
    stm32f10x_rcc.o(.ARM.exidx.text.RCC_WaitForHSEStartUp) refers to stm32f10x_rcc.o(.text.RCC_WaitForHSEStartUp) for [Anonymous Symbol]
    stm32f10x_rcc.o(.ARM.exidx.text.RCC_GetFlagStatus) refers to stm32f10x_rcc.o(.text.RCC_GetFlagStatus) for [Anonymous Symbol]
    stm32f10x_rcc.o(.ARM.exidx.text.RCC_AdjustHSICalibrationValue) refers to stm32f10x_rcc.o(.text.RCC_AdjustHSICalibrationValue) for [Anonymous Symbol]
    stm32f10x_rcc.o(.ARM.exidx.text.RCC_HSICmd) refers to stm32f10x_rcc.o(.text.RCC_HSICmd) for [Anonymous Symbol]
    stm32f10x_rcc.o(.ARM.exidx.text.RCC_PLLConfig) refers to stm32f10x_rcc.o(.text.RCC_PLLConfig) for [Anonymous Symbol]
    stm32f10x_rcc.o(.ARM.exidx.text.RCC_PLLCmd) refers to stm32f10x_rcc.o(.text.RCC_PLLCmd) for [Anonymous Symbol]
    stm32f10x_rcc.o(.ARM.exidx.text.RCC_SYSCLKConfig) refers to stm32f10x_rcc.o(.text.RCC_SYSCLKConfig) for [Anonymous Symbol]
    stm32f10x_rcc.o(.ARM.exidx.text.RCC_GetSYSCLKSource) refers to stm32f10x_rcc.o(.text.RCC_GetSYSCLKSource) for [Anonymous Symbol]
    stm32f10x_rcc.o(.ARM.exidx.text.RCC_HCLKConfig) refers to stm32f10x_rcc.o(.text.RCC_HCLKConfig) for [Anonymous Symbol]
    stm32f10x_rcc.o(.ARM.exidx.text.RCC_PCLK1Config) refers to stm32f10x_rcc.o(.text.RCC_PCLK1Config) for [Anonymous Symbol]
    stm32f10x_rcc.o(.ARM.exidx.text.RCC_PCLK2Config) refers to stm32f10x_rcc.o(.text.RCC_PCLK2Config) for [Anonymous Symbol]
    stm32f10x_rcc.o(.ARM.exidx.text.RCC_ITConfig) refers to stm32f10x_rcc.o(.text.RCC_ITConfig) for [Anonymous Symbol]
    stm32f10x_rcc.o(.ARM.exidx.text.RCC_USBCLKConfig) refers to stm32f10x_rcc.o(.text.RCC_USBCLKConfig) for [Anonymous Symbol]
    stm32f10x_rcc.o(.ARM.exidx.text.RCC_ADCCLKConfig) refers to stm32f10x_rcc.o(.text.RCC_ADCCLKConfig) for [Anonymous Symbol]
[...]
    delay.c                                  0x00000000   Number         0  delay.o ABSOLUTE
    lcd.c                                    0x00000000   Number         0  lcd.o ABSOLUTE
    project.c                                0x00000000   Number         0  project.o ABSOLUTE
    spi1.c                                   0x00000000   Number         0  spi1.o ABSOLUTE
    stm32f10x_gpio.c                         0x00000000   Number         0  stm32f10x_gpio.o ABSOLUTE
    stm32f10x_rcc.c                          0x00000000   Number         0  stm32f10x_rcc.o ABSOLUTE
    system_stm32f10x.c                       0x00000000   Number         0  system_stm32f10x.o ABSOLUTE
    RESET                                    0x08000000   Section      236  startup_stm32f10x_md.o(RESET)
    !!!main                                  0x080000ec   Section        8  __main.o(!!!main)
    !!!scatter                               0x080000f4   Section       92  __scatter.o(!!!scatter)
    !!handler_copy                           0x08000150   Section       26  __scatter_copy.o(!!handler_copy)
    !!handler_null                           0x0800016c   Section        2  __scatter.o(!!handler_null)
    !!handler_zi                             0x08000170   Section       28  __scatter_zi.o(!!handler_zi)
    .ARM.Collect$$_printf_percent$$00000000  0x0800018c   Section        0  _printf_percent.o(.ARM.Collect$$_printf_percent$$00000000)
    .ARM.Collect$$_printf_percent$$00000001  0x0800018c   Section        6  _printf_n.o(.ARM.Collect$$_printf_percent$$00000001)
    .ARM.Collect$$_printf_percent$$00000002  0x08000192   Section        6  _printf_p.o(.ARM.Collect$$_printf_percent$$00000002)
    .ARM.Collect$$_printf_percent$$00000003  0x08000198   Section        6  _printf_f.o(.ARM.Collect$$_printf_percent$$00000003)
    .ARM.Collect$$_printf_percent$$00000004  0x0800019e   Section        6  _printf_e.o(.ARM.Collect$$_printf_percent$$00000004)
    .ARM.Collect$$_printf_percent$$00000005  0x080001a4   Section        6  _printf_g.o(.ARM.Collect$$_printf_percent$$00000005)
    .ARM.Collect$$_printf_percent$$00000006  0x080001aa   Section        6  _printf_a.o(.ARM.Collect$$_printf_percent$$00000006)
    .ARM.Collect$$_printf_percent$$00000007  0x080001b0   Section       10  _printf_ll.o(.ARM.Collect$$_printf_percent$$00000007)
    .ARM.Collect$$_printf_percent$$00000008  0x080001ba   Section        6  _printf_i.o(.ARM.Collect$$_printf_percent$$00000008)
    .ARM.Collect$$_printf_percent$$00000009  0x080001c0   Section        6  _printf_d.o(.ARM.Collect$$_printf_percent$$00000009)
    .ARM.Collect$$_printf_percent$$0000000A  0x080001c6   Section        6  _printf_u.o(.ARM.Collect$$_printf_percent$$0000000A)
    .ARM.Collect$$_printf_percent$$0000000B  0x080001cc   Section        6  _printf_o.o(.ARM.Collect$$_printf_percent$$0000000B)
    .ARM.Collect$$_printf_percent$$0000000C  0x080001d2   Section        6  _printf_x.o(.ARM.Collect$$_printf_percent$$0000000C)
    .ARM.Collect$$_printf_percent$$0000000D  0x080001d8   Section        6  _printf_lli.o(.ARM.Collect$$_printf_percent$$0000000D)
    .ARM.Collect$$_printf_percent$$0000000E  0x080001de   Section        6  _printf_lld.o(.ARM.Collect$$_printf_percent$$0000000E)
    .ARM.Collect$$_printf_percent$$0000000F  0x080001e4   Section        6  _printf_llu.o(.ARM.Collect$$_printf_percent$$0000000F)
    .ARM.Collect$$_printf_percent$$00000010  0x080001ea   Section        6  _printf_llo.o(.ARM.Collect$$_printf_percent$$00000010)
    .ARM.Collect$$_printf_percent$$00000011  0x080001f0   Section        6  _printf_llx.o(.ARM.Collect$$_printf_percent$$00000011)
    .ARM.Collect$$_printf_percent$$00000012  0x080001f6   Section       10  _printf_l.o(.ARM.Collect$$_printf_percent$$00000012)
    .ARM.Collect$$_printf_percent$$00000013  0x08000200   Section        6  _printf_c.o(.ARM.Collect$$_printf_percent$$00000013)
    .ARM.Collect$$_printf_percent$$00000014  0x08000206   Section        6  _printf_s.o(.ARM.Collect$$_printf_percent$$00000014)
    .ARM.Collect$$_printf_percent$$00000015  0x0800020c   Section        6  _printf_lc.o(.ARM.Collect$$_printf_percent$$00000015)
    .ARM.Collect$$_printf_percent$$00000016  0x08000212   Section        6  _printf_ls.o(.ARM.Collect$$_printf_percent$$00000016)
    .ARM.Collect$$_printf_percent$$00000017  0x08000218   Section        4  _printf_percent_end.o(.ARM.Collect$$_printf_percent$$00000017)
    .ARM.Collect$$libinit$$00000000          0x0800021c   Section        2  libinit.o(.ARM.Collect$$libinit$$00000000)
    .ARM.Collect$$libinit$$00000002          0x0800021e   Section        0  libinit2.o(.ARM.Collect$$libinit$$00000002)
    .ARM.Collect$$libinit$$00000004          0x0800021e   Section        0  libinit2.o(.ARM.Collect$$libinit$$00000004)
    .ARM.Collect$$libinit$$00000006          0x0800021e   Section        0  libinit2.o(.ARM.Collect$$libinit$$00000006)
    .ARM.Collect$$libinit$$0000000C          0x0800021e   Section        0  libinit2.o(.ARM.Collect$$libinit$$0000000C)
    .ARM.Collect$$libinit$$0000000E          0x0800021e   Section        0  libinit2.o(.ARM.Collect$$libinit$$0000000E)
    .ARM.Collect$$libinit$$00000010          0x0800021e   Section        0  libinit2.o(.ARM.Collect$$libinit$$00000010)
    .ARM.Collect$$libinit$$00000011          0x0800021e   Section        6  libinit2.o(.ARM.Collect$$libinit$$00000011)
    .ARM.Collect$$libinit$$00000013          0x08000224   Section        0  libinit2.o(.ARM.Collect$$libinit$$00000013)
    .ARM.Collect$$libinit$$00000014          0x08000224   Section       12  libinit2.o(.ARM.Collect$$libinit$$00000014)
    .ARM.Collect$$libinit$$00000015          0x08000230   Section        0  libinit2.o(.ARM.Collect$$libinit$$00000015)
    .ARM.Collect$$libinit$$00000017          0x08000230   Section        0  libinit2.o(.ARM.Collect$$libinit$$00000017)
    .ARM.Collect$$libinit$$00000018          0x08000230   Section       10  libinit2.o(.ARM.Collect$$libinit$$00000018)
    .ARM.Collect$$libinit$$00000019          0x0800023a   Section        0  libinit2.o(.ARM.Collect$$libinit$$00000019)
    .ARM.Collect$$libinit$$0000001B          0x0800023a   Section        0  libinit2.o(.ARM.Collect$$libinit$$0000001B)
    .ARM.Collect$$libinit$$0000001D          0x0800023a   Section        0  libinit2.o(.ARM.Collect$$libinit$$0000001D)
    .ARM.Collect$$libinit$$0000001F          0x0800023a   Section        0  libinit2.o(.ARM.Collect$$libinit$$0000001F)
    .ARM.Collect$$libinit$$00000021          0x0800023a   Section        0  libinit2.o(.ARM.Collect$$libinit$$00000021)
    .ARM.Collect$$libinit$$00000023          0x0800023a   Section        0  libinit2.o(.ARM.Collect$$libinit$$00000023)
    .ARM.Collect$$libinit$$00000025          0x0800023a   Section        0  libinit2.o(.ARM.Collect$$libinit$$00000025)
    .ARM.Collect$$libinit$$00000027          0x0800023a   Section        0  libinit2.o(.ARM.Collect$$libinit$$00000027)
    .ARM.Collect$$libinit$$0000002E          0x0800023a   Section        0  libinit2.o(.ARM.Collect$$libinit$$0000002E)
    .ARM.Collect$$libinit$$00000030          0x0800023a   Section        0  libinit2.o(.ARM.Collect$$libinit$$00000030)
    .ARM.Collect$$libinit$$00000032          0x0800023a   Section        0  libinit2.o(.ARM.Collect$$libinit$$00000032)
    .ARM.Collect$$libinit$$00000034          0x0800023a   Section        0  libinit2.o(.ARM.Collect$$libinit$$00000034)
    .ARM.Collect$$libinit$$00000035          0x0800023a   Section        2  libinit2.o(.ARM.Collect$$libinit$$00000035)
    .ARM.Collect$$libshutdown$$00000000      0x0800023c   Section        2  libshutdown.o(.ARM.Collect$$libshutdown$$00000000)
    .ARM.Collect$$libshutdown$$00000002      0x0800023e   Section        0  libshutdown2.o(.ARM.Collect$$libshutdown$$00000002)
    .ARM.Collect$$libshutdown$$00000004      0x0800023e   Section        0  libshutdown2.o(.ARM.Collect$$libshutdown$$00000004)
    .ARM.Collect$$libshutdown$$00000007      0x0800023e   Section        0  libshutdown2.o(.ARM.Collect$$libshutdown$$00000007)
    .ARM.Collect$$libshutdown$$0000000A      0x0800023e   Section        0  libshutdown2.o(.ARM.Collect$$libshutdown$$0000000A)
    .ARM.Collect$$libshutdown$$0000000C      0x0800023e   Section        0  libshutdown2.o(.ARM.Collect$$libshutdown$$0000000C)
    .ARM.Collect$$libshutdown$$0000000F      0x0800023e   Section        0  libshutdown2.o(.ARM.Collect$$libshutdown$$0000000F)
    .ARM.Collect$$libshutdown$$00000010      0x0800023e   Section        2  libshutdown2.o(.ARM.Collect$$libshutdown$$00000010)
    .ARM.Collect$$rtentry$$00000000          0x08000240   Section        0  __rtentry.o(.ARM.Collect$$rtentry$$00000000)
    .ARM.Collect$$rtentry$$00000002          0x08000240   Section        0  __rtentry2.o(.ARM.Collect$$rtentry$$00000002)
    .ARM.Collect$$rtentry$$00000004          0x08000240   Section        6  __rtentry4.o(.ARM.Collect$$rtentry$$00000004)
    .ARM.Collect$$rtentry$$00000009          0x08000246   Section        0  __rtentry2.o(.ARM.Collect$$rtentry$$00000009)
    .ARM.Collect$$rtentry$$0000000A          0x08000246   Section        4  __rtentry2.o(.ARM.Collect$$rtentry$$0000000A)
    .ARM.Collect$$rtentry$$0000000C          0x0800024a   Section        0  __rtentry2.o(.ARM.Collect$$rtentry$$0000000C)
    .ARM.Collect$$rtentry$$0000000D          0x0800024a   Section        8  __rtentry2.o(.ARM.Collect$$rtentry$$0000000D)
    .ARM.Collect$$rtexit$$00000000           0x08000252   Section        2  rtexit.o(.ARM.Collect$$rtexit$$00000000)
    .ARM.Collect$$rtexit$$00000002           0x08000254   Section        0  rtexit2.o(.ARM.Collect$$rtexit$$00000002)
    .ARM.Collect$$rtexit$$00000003           0x08000254   Section        4  rtexit2.o(.ARM.Collect$$rtexit$$00000003)
    .ARM.Collect$$rtexit$$00000004           0x08000258   Section        6  rtexit2.o(.ARM.Collect$$rtexit$$00000004)
    .text                                    0x08000260   Section       64  startup_stm32f10x_md.o(.text)
    .text                                    0x080002a0   Section        0  sprintf.o(.text)
    .text                                    0x080002cc   Section        0  snprintf.o(.text)
    .text                                    0x0800030c   Section        0  memcmp.o(.text)
    .text                                    0x08000364   Section        0  heapauxi.o(.text)
    .text                                    0x0800036a   Section        0  _printf_pad.o(.text)
    .text                                    0x080003b8   Section        0  _printf_truncate.o(.text)
    .text                                    0x080003dc   Section        0  _printf_str.o(.text)
    .text                                    0x08000430   Section        0  _printf_dec.o(.text)
    .text                                    0x080004a8   Section        0  _printf_charcount.o(.text)
    _printf_input_char                       0x080004d1   Thumb Code    10  _printf_char_common.o(.text)
    .text                                    0x080004d0   Section        0  _printf_char_common.o(.text)
    .text                                    0x08000500   Section        0  _sputc.o(.text)
    .text                                    0x0800050a   Section        0  _snputc.o(.text)
    .text                                    0x0800051c   Section        0  _printf_wctomb.o(.text)
    .text                                    0x080005d8   Section        0  _printf_longlong_dec.o(.text)
    _printf_longlong_oct_internal            0x08000655   Thumb Code     0  _printf_oct_int_ll.o(.text)
    .text                                    0x08000654   Section        0  _printf_oct_int_ll.o(.text)
    _printf_hex_common                       0x080006c5   Thumb Code     0  _printf_hex_int_ll_ptr.o(.text)
    .text                                    0x080006c4   Section        0  _printf_hex_int_ll_ptr.o(.text)
    .text                                    0x08000758   Section        0  __printf_flags_ss_wp.o(.text)
    .text                                    0x080008e0   Section      138  lludiv10.o(.text)
    .text                                    0x0800096a   Section        0  _printf_intcommon.o(.text)
    _fp_digits                               0x08000a1d   Thumb Code   432  _printf_fp_dec.o(.text)
    .text                                    0x08000a1c   Section        0  _printf_fp_dec.o(.text)
    .text                                    0x08000e38   Section        0  _printf_fp_hex.o(.text)
    .text                                    0x08001134   Section        0  _printf_char.o(.text)
    .text                                    0x08001160   Section        0  _printf_wchar.o(.text)
    .text                                    0x0800118c   Section        0  _c16rtomb.o(.text)
    .text                                    0x080011d4   Section       74  sys_stackheap_outer.o(.text)
    .text                                    0x08001220   Section       16  rt_ctype_table.o(.text)
    .text                                    0x08001230   Section        8  rt_locale_intlibspace.o(.text)
    .text                                    0x08001238   Section        0  _printf_fp_infnan.o(.text)
    .text                                    0x080012b8   Section        0  bigflt0.o(.text)
    .text                                    0x0800139c   Section        0  exit.o(.text)
    .text                                    0x080013b0   Section        8  libspace.o(.text)
    .text                                    0x080013b8   Section      128  strcmpv7m.o(.text)
    .text                                    0x08001438   Section        0  sys_exit.o(.text)
    .text                                    0x08001444   Section        2  use_no_semi.o(.text)
    .text                                    0x08001446   Section        0  indicate_semi.o(.text)
    [Anonymous Symbol]                       0x08001448   Section        0  project.o(.text.DisplayAddItemMessage)
    [Anonymous Symbol]                       0x08001464   Section        0  project.o(.text.DisplayItemAdded)
    [Anonymous Symbol]                       0x0800149c   Section        0  project.o(.text.DisplayItemRemoved)
    [Anonymous Symbol]                       0x080014d4   Section        0  project.o(.text.DisplayTotalAmount)
    [Anonymous Symbol]                       0x08001520   Section        0  project.o(.text.DisplayWelcomeMessage)
    [Anonymous Symbol]                       0x08001560   Section        0  stm32f10x_gpio.o(.text.GPIO_Init)
    [Anonymous Symbol]                       0x080016e8   Section        0  stm32f10x_gpio.o(.text.GPIO_ResetBits)
    [Anonymous Symbol]                       0x080016fc   Section        0  stm32f10x_gpio.o(.text.GPIO_SetBits)
    [Anonymous Symbol]                       0x08001710   Section        0  stm32f10x_gpio.o(.text.GPIO_WriteBit)
    [Anonymous Symbol]                       0x0800173c   Section        0  lcd.o(.text.LCD_Begin)
    [Anonymous Symbol]                       0x0800178c   Section        0  lcd.o(.text.LCD_Clear)
    [Anonymous Symbol]                       0x0800179c   Section        0  project.o(.text.LCD_Init)
    [Anonymous Symbol]                       0x080017ac   Section        0  lcd.o(.text.LCD_InitPins)
    [Anonymous Symbol]                       0x080017f0   Section        0  lcd.o(.text.LCD_Print)
    [Anonymous Symbol]                       0x08001814   Section        0  lcd.o(.text.LCD_SendCommand)
    [Anonymous Symbol]                       0x080018fc   Section        0  lcd.o(.text.LCD_SendData)
    [Anonymous Symbol]                       0x080019e4   Section        0  lcd.o(.text.LCD_SetCursor)
    [Anonymous Symbol]                       0x08001a18   Section        0  project.o(.text.LED_Blink)
    [Anonymous Symbol]                       0x08001a4c   Section        0  project.o(.text.LED_Init)
    [Anonymous Symbol]                       0x08001a94   Section        0  mfrc522.o(.text.MFRC522_AntennaOn)
    [Anonymous Symbol]                       0x08001ac8   Section        0  mfrc522.o(.text.MFRC522_Anticoll)
    [Anonymous Symbol]                       0x08001b68   Section        0  mfrc522.o(.text.MFRC522_CalculateCRC)
    [Anonymous Symbol]                       0x08001c48   Section        0  mfrc522.o(.text.MFRC522_Check)
    [Anonymous Symbol]                       0x08001c7c   Section        0  mfrc522.o(.text.MFRC522_Halt)
    [Anonymous Symbol]                       0x08001cb4   Section        0  mfrc522.o(.text.MFRC522_Init)
    [Anonymous Symbol]                       0x08001d64   Section        0  mfrc522.o(.text.MFRC522_ReadFromRegister)
    [Anonymous Symbol]                       0x08001da0   Section        0  mfrc522.o(.text.MFRC522_Request)
    [Anonymous Symbol]                       0x08001e00   Section        0  mfrc522.o(.text.MFRC522_Reset)
    [Anonymous Symbol]                       0x08001e1c   Section        0  mfrc522.o(.text.MFRC522_ResetBitMask)
    [Anonymous Symbol]                       0x08001e64   Section        0  mfrc522.o(.text.MFRC522_SetBitMask)
    [Anonymous Symbol]                       0x08001eac   Section        0  mfrc522.o(.text.MFRC522_ToCard)
    [Anonymous Symbol]                       0x0800211c   Section        0  mfrc522.o(.text.MFRC522_WriteToRegister)
    [Anonymous Symbol]                       0x08002158   Section        0  stm32f10x_rcc.o(.text.RCC_APB2PeriphClockCmd)
    [Anonymous Symbol]                       0x08002190   Section        0  spi1.o(.text.SPI1_Enable)
    [Anonymous Symbol]                       0x080021a4   Section        0  spi1.o(.text.SPI1_InitPort)
    [Anonymous Symbol]                       0x080021e4   Section        0  spi1.o(.text.SPI1_NSSdisable)
    [Anonymous Symbol]                       0x080021f8   Section        0  spi1.o(.text.SPI1_NSSenable)
    [Anonymous Symbol]                       0x0800220c   Section        0  spi1.o(.text.SPI1_Receive)
    [Anonymous Symbol]                       0x08002270   Section        0  spi1.o(.text.SPI1_Setup)
    [Anonymous Symbol]                       0x080022d8   Section        0  spi1.o(.text.SPI1_Transmit)
    [Anonymous Symbol]                       0x08002364   Section        0  spi1.o(.text.SPI1_TransmitSingleByte)
    SetSysClock                              0x080023d9   Thumb Code     8  system_stm32f10x.o(.text.SetSysClock)
    [Anonymous Symbol]                       0x080023d8   Section        0  system_stm32f10x.o(.text.SetSysClock)
    SetSysClockTo72                          0x080023e1   Thumb Code   290  system_stm32f10x.o(.text.SetSysClockTo72)
    [Anonymous Symbol]                       0x080023e0   Section        0  system_stm32f10x.o(.text.SetSysClockTo72)
    SysTick_Config                           0x08002505   Thumb Code    82  project.o(.text.SysTick_Config)
    [Anonymous Symbol]                       0x08002504   Section        0  project.o(.text.SysTick_Config)
    [Anonymous Symbol]                       0x08002558   Section        0  delay.o(.text.SysTick_Handler)
    [Anonymous Symbol]                       0x08002568   Section        0  system_stm32f10x.o(.text.SystemInit)
    __NVIC_SetPriority                       0x080025d1   Thumb Code    66  project.o(.text.__NVIC_SetPriority)
    [Anonymous Symbol]                       0x080025d0   Section        0  project.o(.text.__NVIC_SetPriority)
    [Anonymous Symbol]                       0x08002614   Section        0  delay.o(.text.delay)
    [Anonymous Symbol]                       0x08002644   Section        0  project.o(.text.main)
    CL$$btod_d2e                             0x08002a2c   Section       62  btod.o(CL$$btod_d2e)
    CL$$btod_d2e_denorm_low                  0x08002a6a   Section       70  btod.o(CL$$btod_d2e_denorm_low)
    CL$$btod_d2e_norm_op1                    0x08002ab0   Section       96  btod.o(CL$$btod_d2e_norm_op1)
    CL$$btod_div_common                      0x08002b10   Section      824  btod.o(CL$$btod_div_common)
    CL$$btod_e2e                             0x08002e48   Section      220  btod.o(CL$$btod_e2e)
    CL$$btod_ediv                            0x08002f24   Section       42  btod.o(CL$$btod_ediv)
    CL$$btod_emul                            0x08002f4e   Section       42  btod.o(CL$$btod_emul)
    CL$$btod_mult_common                     0x08002f78   Section      580  btod.o(CL$$btod_mult_common)
    i.__ARM_fpclassify                       0x080031bc   Section        0  fpclassify.o(i.__ARM_fpclassify)
    i._is_digit                              0x080031e4   Section        0  __printf_wp.o(i._is_digit)
    locale$$code                             0x080031f4   Section       44  lc_numeric_c.o(locale$$code)
    locale$$code                             0x08003220   Section       44  lc_ctype_c.o(locale$$code)
    x$fpl$printf1                            0x0800324c   Section        4  printf1.o(x$fpl$printf1)
    x$fpl$printf2                            0x08003250   Section        4  printf2.o(x$fpl$printf2)
    initial_mbstate                          0x08003254   Data           8  _printf_wctomb.o(.constdata)
    .constdata                               0x08003254   Section        8  _printf_wctomb.o(.constdata)
    x$fpl$usenofp                            0x08003254   Section        0  usenofp.o(x$fpl$usenofp)
    uc_hextab                                0x0800325c   Data          20  _printf_hex_int_ll_ptr.o(.constdata)
    .constdata                               0x0800325c   Section       40  _printf_hex_int_ll_ptr.o(.constdata)
    lc_hextab                                0x08003270   Data          20  _printf_hex_int_ll_ptr.o(.constdata)
    maptable                                 0x08003284   Data          17  __printf_flags_ss_wp.o(.constdata)
    .constdata                               0x08003284   Section       17  __printf_flags_ss_wp.o(.constdata)
    lc_hextab                                0x08003295   Data          19  _printf_fp_hex.o(.constdata)
    .constdata                               0x08003295   Section       38  _printf_fp_hex.o(.constdata)
    uc_hextab                                0x080032a8   Data          19  _printf_fp_hex.o(.constdata)
    tenpwrs_x                                0x080032bc   Data          60  bigflt0.o(.constdata)
    .constdata                               0x080032bc   Section      148  bigflt0.o(.constdata)
    tenpwrs_i                                0x080032f8   Data          64  bigflt0.o(.constdata)
    .L.str.5                                 0x08003372   Data          14  project.o(.rodata.str1.1)
    [Anonymous Symbol]                       0x08003372   Section        0  project.o(.rodata.str1.1)
    .L.str.3                                 0x08003380   Data           9  project.o(.rodata.str1.1)
    .L.str.4                                 0x08003389   Data          11  project.o(.rodata.str1.1)
    .L.str.2                                 0x08003394   Data          14  project.o(.rodata.str1.1)
    .L.str                                   0x080033a2   Data          11  project.o(.rodata.str1.1)
    .L.str.6                                 0x080033ad   Data           6  project.o(.rodata.str1.1)
    .L.str.1                                 0x080033b3   Data          13  project.o(.rodata.str1.1)
    locale$$data                             0x080033e0   Section       28  lc_numeric_c.o(locale$$data)
    __lcnum_c_name                           0x080033e4   Data           2  lc_numeric_c.o(locale$$data)
    __lcnum_c_start                          0x080033ec   Data           0  lc_numeric_c.o(locale$$data)
    __lcnum_c_point                          0x080033f8   Data           0  lc_numeric_c.o(locale$$data)
    __lcnum_c_thousands                      0x080033fa   Data           0  lc_numeric_c.o(locale$$data)
    __lcnum_c_grouping                       0x080033fb   Data           0  lc_numeric_c.o(locale$$data)
    __lcnum_c_end                            0x080033fc   Data           0  lc_numeric_c.o(locale$$data)
    locale$$data                             0x080033fc   Section      272  lc_ctype_c.o(locale$$data)
    __lcctype_c_name                         0x08003400   Data           2  lc_ctype_c.o(locale$$data)
    __lcctype_c_start                        0x08003408   Data           0  lc_ctype_c.o(locale$$data)
    __lcctype_c_end                          0x0800350c   Data           0  lc_ctype_c.o(locale$$data)
    .bss                                     0x20000038   Section       96  libspace.o(.bss)
    Heap_Mem                                 0x200000c0   Data         512  startup_stm32f10x_md.o(HEAP)
    HEAP                                     0x200000c0   Section      512  startup_stm32f10x_md.o(HEAP)
    Stack_Mem                                0x200002c0   Data        1024  startup_stm32f10x_md.o(STACK)
    STACK                                    0x200002c0   Section     1024  startup_stm32f10x_md.o(STACK)
    __initial_sp                             0x200006c0   Data           0  startup_stm32f10x_md.o(STACK)

    Global Symbols

    Symbol Name                              Value     Ov Type        Size  Object(Section)

    BuildAttributes$$THM_ISAv4$P$D$K$B$S$PE$A:L22UL41UL21$X:L11$S22US41US21$IEEE1$IW$~IW$USESV6$~STKCKD$USESV7$~SHL$OTIME$ROPI$IEEEJ$EBA8$UX$STANDARDLIB$REQ8$PRES8$EABIv2 0x00000000   Number         0  anon$$obj.o ABSOLUTE
    __fp_init_empty                          0x00000000   Number         0  fpinit_empty.o ABSOLUTE
    _printf_flags                            0x00000000   Number         0  printf_stubs.o ABSOLUTE
    _printf_return_value                     0x00000000   Number         0  printf_stubs.o ABSOLUTE
    _printf_sizespec                         0x00000000   Number         0  printf_stubs.o ABSOLUTE
    _printf_widthprec                        0x00000000   Number         0  printf_stubs.o ABSOLUTE
    __ARM_exceptions_init                     - Undefined Weak Reference
    __alloca_initialize                       - Undefined Weak Reference
    __arm_preinit_                            - Undefined Weak Reference
    __arm_relocate_pie_                       - Undefined Weak Reference
    __cpp_initialize__aeabi_                  - Undefined Weak Reference
    __cxa_finalize                            - Undefined Weak Reference
    __sigvec_lookup                           - Undefined Weak Reference
    _atexit_init                              - Undefined Weak Reference
    _call_atexit_fns                          - Undefined Weak Reference
    _clock_init                               - Undefined Weak Reference
    _fp_trap_init                             - Undefined Weak Reference
    _fp_trap_shutdown                         - Undefined Weak Reference
    _get_lc_collate                           - Undefined Weak Reference
    _get_lc_monetary                          - Undefined Weak Reference
    _get_lc_time                              - Undefined Weak Reference
    _getenv_init                              - Undefined Weak Reference
    _handle_redirection                       - Undefined Weak Reference
    _init_alloc                               - Undefined Weak Reference
    _init_user_alloc                          - Undefined Weak Reference
    _initio                                   - Undefined Weak Reference
    _printf_mbtowc                            - Undefined Weak Reference
    _printf_wc                                - Undefined Weak Reference
    _rand_init                                - Undefined Weak Reference
    _signal_finish                            - Undefined Weak Reference
    _signal_init                              - Undefined Weak Reference
    _terminate_alloc                          - Undefined Weak Reference
    _terminate_user_alloc                     - Undefined Weak Reference
    _terminateio                              - Undefined Weak Reference
    __Vectors_Size                           0x000000ec   Number         0  startup_stm32f10x_md.o ABSOLUTE
    __Vectors                                0x08000000   Data           4  startup_stm32f10x_md.o(RESET)
    __Vectors_End                            0x080000ec   Data           0  startup_stm32f10x_md.o(RESET)
    __main                                   0x080000ed   Thumb Code     8  __main.o(!!!main)
    __scatterload                            0x080000f5   Thumb Code     0  __scatter.o(!!!scatter)
    __scatterload_rt2                        0x080000f5   Thumb Code    84  __scatter.o(!!!scatter)
    __scatterload_rt2_thumb_only             0x080000f5   Thumb Code     0  __scatter.o(!!!scatter)
    __scatterload_loop                       0x080000ff   Thumb Code     0  __scatter.o(!!!scatter)
    __scatterload_copy                       0x08000151   Thumb Code    26  __scatter_copy.o(!!handler_copy)
    __scatterload_null                       0x0800016d   Thumb Code     2  __scatter.o(!!handler_null)
    __scatterload_zeroinit                   0x08000171   Thumb Code    28  __scatter_zi.o(!!handler_zi)
    _printf_n                                0x0800018d   Thumb Code     0  _printf_n.o(.ARM.Collect$$_printf_percent$$00000001)
    _printf_percent                          0x0800018d   Thumb Code     0  _printf_percent.o(.ARM.Collect$$_printf_percent$$00000000)
    _printf_p                                0x08000193   Thumb Code     0  _printf_p.o(.ARM.Collect$$_printf_percent$$00000002)
    _printf_f                                0x08000199   Thumb Code     0  _printf_f.o(.ARM.Collect$$_printf_percent$$00000003)
    _printf_e                                0x0800019f   Thumb Code     0  _printf_e.o(.ARM.Collect$$_printf_percent$$00000004)
    _printf_g                                0x080001a5   Thumb Code     0  _printf_g.o(.ARM.Collect$$_printf_percent$$00000005)
    _printf_a                                0x080001ab   Thumb Code     0  _printf_a.o(.ARM.Collect$$_printf_percent$$00000006)
    _printf_ll                               0x080001b1   Thumb Code     0  _printf_ll.o(.ARM.Collect$$_printf_percent$$00000007)
    _printf_i                                0x080001bb   Thumb Code     0  _printf_i.o(.ARM.Collect$$_printf_percent$$00000008)
    _printf_d                                0x080001c1   Thumb Code     0  _printf_d.o(.ARM.Collect$$_printf_percent$$00000009)
    _printf_u                                0x080001c7   Thumb Code     0  _printf_u.o(.ARM.Collect$$_printf_percent$$0000000A)
    _printf_o                                0x080001cd   Thumb Code     0  _printf_o.o(.ARM.Collect$$_printf_percent$$0000000B)
    _printf_x                                0x080001d3   Thumb Code     0  _printf_x.o(.ARM.Collect$$_printf_percent$$0000000C)
    _printf_lli                              0x080001d9   Thumb Code     0  _printf_lli.o(.ARM.Collect$$_printf_percent$$0000000D)
    _printf_lld                              0x080001df   Thumb Code     0  _printf_lld.o(.ARM.Collect$$_printf_percent$$0000000E)
    _printf_llu                              0x080001e5   Thumb Code     0  _printf_llu.o(.ARM.Collect$$_printf_percent$$0000000F)
    _printf_llo                              0x080001eb   Thumb Code     0  _printf_llo.o(.ARM.Collect$$_printf_percent$$00000010)
    _printf_llx                              0x080001f1   Thumb Code     0  _printf_llx.o(.ARM.Collect$$_printf_percent$$00000011)
    _printf_l                                0x080001f7   Thumb Code     0  _printf_l.o(.ARM.Collect$$_printf_percent$$00000012)
    _printf_c                                0x08000201   Thumb Code     0  _printf_c.o(.ARM.Collect$$_printf_percent$$00000013)
    _printf_s                                0x08000207   Thumb Code     0  _printf_s.o(.ARM.Collect$$_printf_percent$$00000014)
    _printf_lc                               0x0800020d   Thumb Code     0  _printf_lc.o(.ARM.Collect$$_printf_percent$$00000015)
    _printf_ls                               0x08000213   Thumb Code     0  _printf_ls.o(.ARM.Collect$$_printf_percent$$00000016)
    _printf_percent_end                      0x08000219   Thumb Code     0  _printf_percent_end.o(.ARM.Collect$$_printf_percent$$00000017)
    __rt_lib_init                            0x0800021d   Thumb Code     0  libinit.o(.ARM.Collect$$libinit$$00000000)
    __rt_lib_init_fp_1                       0x0800021f   Thumb Code     0  libinit2.o(.ARM.Collect$$libinit$$00000002)
    __rt_lib_init_heap_1                     0x0800021f   Thumb Code     0  libinit2.o(.ARM.Collect$$libinit$$0000000C)
    __rt_lib_init_lc_common                  0x0800021f   Thumb Code     0  libinit2.o(.ARM.Collect$$libinit$$00000011)
    __rt_lib_init_preinit_1                  0x0800021f   Thumb Code     0  libinit2.o(.ARM.Collect$$libinit$$00000006)
    __rt_lib_init_rand_1                     0x0800021f   Thumb Code     0  libinit2.o(.ARM.Collect$$libinit$$00000010)
    __rt_lib_init_relocate_pie_1             0x0800021f   Thumb Code     0  libinit2.o(.ARM.Collect$$libinit$$00000004)
    __rt_lib_init_user_alloc_1               0x0800021f   Thumb Code     0  libinit2.o(.ARM.Collect$$libinit$$0000000E)
    __rt_lib_init_lc_collate_1               0x08000225   Thumb Code     0  libinit2.o(.ARM.Collect$$libinit$$00000013)
    __rt_lib_init_lc_ctype_2                 0x08000225   Thumb Code     0  libinit2.o(.ARM.Collect$$libinit$$00000014)
    __rt_lib_init_lc_ctype_1                 0x08000231   Thumb Code     0  libinit2.o(.ARM.Collect$$libinit$$00000015)
    __rt_lib_init_lc_monetary_1              0x08000231   Thumb Code     0  libinit2.o(.ARM.Collect$$libinit$$00000017)
    __rt_lib_init_lc_numeric_2               0x08000231   Thumb Code     0  libinit2.o(.ARM.Collect$$libinit$$00000018)
    __rt_lib_init_alloca_1                   0x0800023b   Thumb Code     0  libinit2.o(.ARM.Collect$$libinit$$00000030)
    __rt_lib_init_argv_1                     0x0800023b   Thumb Code     0  libinit2.o(.ARM.Collect$$libinit$$0000002E)
    __rt_lib_init_atexit_1                   0x0800023b   Thumb Code     0  libinit2.o(.ARM.Collect$$libinit$$0000001D)
    __rt_lib_init_clock_1                    0x0800023b   Thumb Code     0  libinit2.o(.ARM.Collect$$libinit$$00000023)
    __rt_lib_init_cpp_1                      0x0800023b   Thumb Code     0  libinit2.o(.ARM.Collect$$libinit$$00000034)
    __rt_lib_init_exceptions_1               0x0800023b   Thumb Code     0  libinit2.o(.ARM.Collect$$libinit$$00000032)
    __rt_lib_init_fp_trap_1                  0x0800023b   Thumb Code     0  libinit2.o(.ARM.Collect$$libinit$$00000021)
    __rt_lib_init_getenv_1                   0x0800023b   Thumb Code     0  libinit2.o(.ARM.Collect$$libinit$$00000025)
    __rt_lib_init_lc_numeric_1               0x0800023b   Thumb Code     0  libinit2.o(.ARM.Collect$$libinit$$00000019)
    __rt_lib_init_lc_time_1                  0x0800023b   Thumb Code     0  libinit2.o(.ARM.Collect$$libinit$$0000001B)
    __rt_lib_init_return                     0x0800023b   Thumb Code     0  libinit2.o(.ARM.Collect$$libinit$$00000035)
    __rt_lib_init_signal_1                   0x0800023b   Thumb Code     0  libinit2.o(.ARM.Collect$$libinit$$0000001F)
    __rt_lib_init_stdio_1                    0x0800023b   Thumb Code     0  libinit2.o(.ARM.Collect$$libinit$$00000027)
    __rt_lib_shutdown                        0x0800023d   Thumb Code     0  libshutdown.o(.ARM.Collect$$libshutdown$$00000000)
    __rt_lib_shutdown_cpp_1                  0x0800023f   Thumb Code     0  libshutdown2.o(.ARM.Collect$$libshutdown$$00000002)
    __rt_lib_shutdown_fp_trap_1              0x0800023f   Thumb Code     0  libshutdown2.o(.ARM.Collect$$libshutdown$$00000007)
    __rt_lib_shutdown_heap_1                 0x0800023f   Thumb Code     0  libshutdown2.o(.ARM.Collect$$libshutdown$$0000000F)
    __rt_lib_shutdown_return                 0x0800023f   Thumb Code     0  libshutdown2.o(.ARM.Collect$$libshutdown$$00000010)
    __rt_lib_shutdown_signal_1               0x0800023f   Thumb Code     0  libshutdown2.o(.ARM.Collect$$libshutdown$$0000000A)
    __rt_lib_shutdown_stdio_1                0x0800023f   Thumb Code     0  libshutdown2.o(.ARM.Collect$$libshutdown$$00000004)
    __rt_lib_shutdown_user_alloc_1           0x0800023f   Thumb Code     0  libshutdown2.o(.ARM.Collect$$libshutdown$$0000000C)
    __rt_entry                               0x08000241   Thumb Code     0  __rtentry.o(.ARM.Collect$$rtentry$$00000000)
    __rt_entry_presh_1                       0x08000241   Thumb Code     0  __rtentry2.o(.ARM.Collect$$rtentry$$00000002)
    __rt_entry_sh                            0x08000241   Thumb Code     0  __rtentry4.o(.ARM.Collect$$rtentry$$00000004)
    __rt_entry_li                            0x08000247   Thumb Code     0  __rtentry2.o(.ARM.Collect$$rtentry$$0000000A)
    __rt_entry_postsh_1                      0x08000247   Thumb Code     0  __rtentry2.o(.ARM.Collect$$rtentry$$00000009)
    __rt_entry_main                          0x0800024b   Thumb Code     0  __rtentry2.o(.ARM.Collect$$rtentry$$0000000D)
    __rt_entry_postli_1                      0x0800024b   Thumb Code     0  __rtentry2.o(.ARM.Collect$$rtentry$$0000000C)
    __rt_exit                                0x08000253   Thumb Code     0  rtexit.o(.ARM.Collect$$rtexit$$00000000)
    __rt_exit_ls                             0x08000255   Thumb Code     0  rtexit2.o(.ARM.Collect$$rtexit$$00000003)
    __rt_exit_prels_1                        0x08000255   Thumb Code     0  rtexit2.o(.ARM.Collect$$rtexit$$00000002)
    __rt_exit_exit                           0x08000259   Thumb Code     0  rtexit2.o(.ARM.Collect$$rtexit$$00000004)
    Reset_Handler                            0x08000261   Thumb Code     8  startup_stm32f10x_md.o(.text)
    NMI_Handler                              0x08000269   Thumb Code     2  startup_stm32f10x_md.o(.text)
    HardFault_Handler                        0x0800026b   Thumb Code     2  startup_stm32f10x_md.o(.text)
    MemManage_Handler                        0x0800026d   Thumb Code     2  startup_stm32f10x_md.o(.text)
    BusFault_Handler                         0x0800026f   Thumb Code     2  startup_stm32f10x_md.o(.text)
    UsageFault_Handler                       0x08000271   Thumb Code     2  startup_stm32f10x_md.o(.text)
    SVC_Handler                              0x08000273   Thumb Code     2  startup_stm32f10x_md.o(.text)
    DebugMon_Handler                         0x08000275   Thumb Code     2  startup_stm32f10x_md.o(.text)
    PendSV_Handler                           0x08000277   Thumb Code     2  startup_stm32f10x_md.o(.text)
    ADC1_2_IRQHandler                        0x0800027b   Thumb Code     0  startup_stm32f10x_md.o(.text)
    CAN1_RX1_IRQHandler                      0x0800027b   Thumb Code     0  startup_stm32f10x_md.o(.text)
    CAN1_SCE_IRQHandler                      0x0800027b   Thumb Code     0  startup_stm32f10x_md.o(.text)
    DMA1_Channel1_IRQHandler                 0x0800027b   Thumb Code     0  startup_stm32f10x_md.o(.text)
    DMA1_Channel2_IRQHandler                 0x0800027b   Thumb Code     0  startup_stm32f10x_md.o(.text)
    DMA1_Channel3_IRQHandler                 0x0800027b   Thumb Code     0  startup_stm32f10x_md.o(.text)
    DMA1_Channel4_IRQHandler                 0x0800027b   Thumb Code     0  startup_stm32f10x_md.o(.text)
    DMA1_Channel5_IRQHandler                 0x0800027b   Thumb Code     0  startup_stm32f10x_md.o(.text)
    DMA1_Channel6_IRQHandler                 0x0800027b   Thumb Code     0  startup_stm32f10x_md.o(.text)
    DMA1_Channel7_IRQHandler                 0x0800027b   Thumb Code     0  startup_stm32f10x_md.o(.text)
    EXTI0_IRQHandler                         0x0800027b   Thumb Code     0  startup_stm32f10x_md.o(.text)
    EXTI15_10_IRQHandler                     0x0800027b   Thumb Code     0  startup_stm32f10x_md.o(.text)
    EXTI1_IRQHandler                         0x0800027b   Thumb Code     0  startup_stm32f10x_md.o(.text)
    EXTI2_IRQHandler                         0x0800027b   Thumb Code     0  startup_stm32f10x_md.o(.text)
    EXTI3_IRQHandler                         0x0800027b   Thumb Code     0  startup_stm32f10x_md.o(.text)
    EXTI4_IRQHandler                         0x0800027b   Thumb Code     0  startup_stm32f10x_md.o(.text)
    EXTI9_5_IRQHandler                       0x0800027b   Thumb Code     0  startup_stm32f10x_md.o(.text)
    FLASH_IRQHandler                         0x0800027b   Thumb Code     0  startup_stm32f10x_md.o(.text)
    I2C1_ER_IRQHandler                       0x0800027b   Thumb Code     0  startup_stm32f10x_md.o(.text)
    I2C1_EV_IRQHandler                       0x0800027b   Thumb Code     0  startup_stm32f10x_md.o(.text)
    I2C2_ER_IRQHandler                       0x0800027b   Thumb Code     0  startup_stm32f10x_md.o(.text)
    I2C2_EV_IRQHandler                       0x0800027b   Thumb Code     0  startup_stm32f10x_md.o(.text)
    PVD_IRQHandler                           0x0800027b   Thumb Code     0  startup_stm32f10x_md.o(.text)
    RCC_IRQHandler                           0x0800027b   Thumb Code     0  startup_stm32f10x_md.o(.text)
    RTCAlarm_IRQHandler                      0x0800027b   Thumb Code     0  startup_stm32f10x_md.o(.text)
    RTC_IRQHandler                           0x0800027b   Thumb Code     0  startup_stm32f10x_md.o(.text)
    SPI1_IRQHandler                          0x0800027b   Thumb Code     0  startup_stm32f10x_md.o(.text)
    SPI2_IRQHandler                          0x0800027b   Thumb Code     0  startup_stm32f10x_md.o(.text)
    TAMPER_IRQHandler                        0x0800027b   Thumb Code     0  startup_stm32f10x_md.o(.text)
    TIM1_BRK_IRQHandler                      0x0800027b   Thumb Code     0  startup_stm32f10x_md.o(.text)
    TIM1_CC_IRQHandler                       0x0800027b   Thumb Code     0  startup_stm32f10x_md.o(.text)
    TIM1_TRG_COM_IRQHandler                  0x0800027b   Thumb Code     0  startup_stm32f10x_md.o(.text)
    TIM1_UP_IRQHandler                       0x0800027b   Thumb Code     0  startup_stm32f10x_md.o(.text)
    TIM2_IRQHandler                          0x0800027b   Thumb Code     0  startup_stm32f10x_md.o(.text)
    TIM3_IRQHandler                          0x0800027b   Thumb Code     0  startup_stm32f10x_md.o(.text)
    TIM4_IRQHandler                          0x0800027b   Thumb Code     0  startup_stm32f10x_md.o(.text)
    USART1_IRQHandler                        0x0800027b   Thumb Code     0  startup_stm32f10x_md.o(.text)
    USART2_IRQHandler                        0x0800027b   Thumb Code     0  startup_stm32f10x_md.o(.text)
    USART3_IRQHandler                        0x0800027b   Thumb Code     0  startup_stm32f10x_md.o(.text)
    USBWakeUp_IRQHandler                     0x0800027b   Thumb Code     0  startup_stm32f10x_md.o(.text)
    USB_HP_CAN1_TX_IRQHandler                0x0800027b   Thumb Code     0  startup_stm32f10x_md.o(.text)
    USB_LP_CAN1_RX0_IRQHandler               0x0800027b   Thumb Code     0  startup_stm32f10x_md.o(.text)
    WWDG_IRQHandler                          0x0800027b   Thumb Code     0  startup_stm32f10x_md.o(.text)
    __user_initial_stackheap                 0x0800027d   Thumb Code     0  startup_stm32f10x_md.o(.text)
    sprintf                                  0x080002a1   Thumb Code    38  sprintf.o(.text)
    snprintf                                 0x080002cd   Thumb Code    58  snprintf.o(.text)
    memcmp                                   0x0800030d   Thumb Code    88  memcmp.o(.text)
    __use_two_region_memory                  0x08000365   Thumb Code     2  heapauxi.o(.text)
    __rt_heap_escrow$2region                 0x08000367   Thumb Code     2  heapauxi.o(.text)
    __rt_heap_expand$2region                 0x08000369   Thumb Code     2  heapauxi.o(.text)
    _printf_pre_padding                      0x0800036b   Thumb Code    44  _printf_pad.o(.text)
    _printf_post_padding                     0x08000397   Thumb Code    34  _printf_pad.o(.text)
    _printf_truncate_signed                  0x080003b9   Thumb Code    18  _printf_truncate.o(.text)
    _printf_truncate_unsigned                0x080003cb   Thumb Code    18  _printf_truncate.o(.text)
    _printf_str                              0x080003dd   Thumb Code    82  _printf_str.o(.text)
    _printf_int_dec                          0x08000431   Thumb Code   104  _printf_dec.o(.text)
    _printf_charcount                        0x080004a9   Thumb Code    40  _printf_charcount.o(.text)
    _printf_char_common                      0x080004db   Thumb Code    32  _printf_char_common.o(.text)
    _sputc                                   0x08000501   Thumb Code    10  _sputc.o(.text)
    _snputc                                  0x0800050b   Thumb Code    16  _snputc.o(.text)
    _printf_wctomb                           0x0800051d   Thumb Code   182  _printf_wctomb.o(.text)
    _printf_longlong_dec                     0x080005d9   Thumb Code   108  _printf_longlong_dec.o(.text)
    _printf_longlong_oct                     0x08000655   Thumb Code    68  _printf_oct_int_ll.o(.text)
    _printf_int_oct                          0x08000699   Thumb Code    24  _printf_oct_int_ll.o(.text)
    _printf_ll_oct                           0x080006b1   Thumb Code    12  _printf_oct_int_ll.o(.text)
    _printf_longlong_hex                     0x080006c5   Thumb Code    86  _printf_hex_int_ll_ptr.o(.text)
    _printf_int_hex                          0x0800071b   Thumb Code    28  _printf_hex_int_ll_ptr.o(.text)
    _printf_ll_hex                           0x08000737   Thumb Code    12  _printf_hex_int_ll_ptr.o(.text)
    _printf_hex_ptr                          0x08000743   Thumb Code    18  _printf_hex_int_ll_ptr.o(.text)
    __printf                                 0x08000759   Thumb Code   388  __printf_flags_ss_wp.o(.text)
    _ll_udiv10                               0x080008e1   Thumb Code   138  lludiv10.o(.text)
    _printf_int_common                       0x0800096b   Thumb Code   178  _printf_intcommon.o(.text)
    _printf_fp_dec_real                      0x08000bcd   Thumb Code   620  _printf_fp_dec.o(.text)
    _printf_fp_hex_real                      0x08000e39   Thumb Code   756  _printf_fp_hex.o(.text)
    _printf_cs_common                        0x08001135   Thumb Code    20  _printf_char.o(.text)
    _printf_char                             0x08001149   Thumb Code    16  _printf_char.o(.text)
    _printf_string                           0x08001159   Thumb Code     8  _printf_char.o(.text)
    _printf_lcs_common                       0x08001161   Thumb Code    20  _printf_wchar.o(.text)
    _printf_wchar                            0x08001175   Thumb Code    16  _printf_wchar.o(.text)
    _printf_wstring                          0x08001185   Thumb Code     8  _printf_wchar.o(.text)
    _c16rtomb                                0x0800118d   Thumb Code    72  _c16rtomb.o(.text)
    _wcrtomb                                 0x0800118d   Thumb Code     0  _c16rtomb.o(.text)
    __user_setup_stackheap                   0x080011d5   Thumb Code    74  sys_stackheap_outer.o(.text)
    __rt_ctype_table                         0x08001221   Thumb Code    16  rt_ctype_table.o(.text)
    __rt_locale                              0x08001231   Thumb Code     8  rt_locale_intlibspace.o(.text)
    _printf_fp_infnan                        0x08001239   Thumb Code   112  _printf_fp_infnan.o(.text)
    _btod_etento                             0x080012b9   Thumb Code   224  bigflt0.o(.text)
    exit                                     0x0800139d   Thumb Code    18  exit.o(.text)
    __user_libspace                          0x080013b1   Thumb Code     8  libspace.o(.text)
    __user_perproc_libspace                  0x080013b1   Thumb Code     0  libspace.o(.text)
    __user_perthread_libspace                0x080013b1   Thumb Code     0  libspace.o(.text)
    strcmp                                   0x080013b9   Thumb Code   128  strcmpv7m.o(.text)
    _sys_exit                                0x08001439   Thumb Code     8  sys_exit.o(.text)
    __I$use$semihosting                      0x08001445   Thumb Code     0  use_no_semi.o(.text)
    __use_no_semihosting_swi                 0x08001445   Thumb Code     2  use_no_semi.o(.text)
    __semihosting_library_function           0x08001447   Thumb Code     0  indicate_semi.o(.text)
    DisplayAddItemMessage                    0x08001449   Thumb Code    28  project.o(.text.DisplayAddItemMessage)
    DisplayItemAdded                         0x08001465   Thumb Code    56  project.o(.text.DisplayItemAdded)
    DisplayItemRemoved                       0x0800149d   Thumb Code    56  project.o(.text.DisplayItemRemoved)
    DisplayTotalAmount                       0x080014d5   Thumb Code    74  project.o(.text.DisplayTotalAmount)
    DisplayWelcomeMessage                    0x08001521   Thumb Code    62  project.o(.text.DisplayWelcomeMessage)
    GPIO_Init                                0x08001561   Thumb Code   390  stm32f10x_gpio.o(.text.GPIO_Init)
    GPIO_ResetBits                           0x080016e9   Thumb Code    20  stm32f10x_gpio.o(.text.GPIO_ResetBits)
    GPIO_SetBits                             0x080016fd   Thumb Code    20  stm32f10x_gpio.o(.text.GPIO_SetBits)
    GPIO_WriteBit                            0x08001711   Thumb Code    44  stm32f10x_gpio.o(.text.GPIO_WriteBit)
    LCD_Begin                                0x0800173d   Thumb Code    80  lcd.o(.text.LCD_Begin)
    LCD_Clear                                0x0800178d   Thumb Code    16  lcd.o(.text.LCD_Clear)
    LCD_Init                                 0x0800179d   Thumb Code    16  project.o(.text.LCD_Init)
    LCD_InitPins                             0x080017ad   Thumb Code    68  lcd.o(.text.LCD_InitPins)
    LCD_Print                                0x080017f1   Thumb Code    34  lcd.o(.text.LCD_Print)
    LCD_SendCommand                          0x08001815   Thumb Code   232  lcd.o(.text.LCD_SendCommand)
    LCD_SendData                             0x080018fd   Thumb Code   232  lcd.o(.text.LCD_SendData)
    LCD_SetCursor                            0x080019e5   Thumb Code    50  lcd.o(.text.LCD_SetCursor)
    LED_Blink                                0x08001a19   Thumb Code    50  project.o(.text.LED_Blink)
    LED_Init                                 0x08001a4d   Thumb Code    72  project.o(.text.LED_Init)
    MFRC522_AntennaOn                        0x08001a95   Thumb Code    50  mfrc522.o(.text.MFRC522_AntennaOn)
    MFRC522_Anticoll                         0x08001ac9   Thumb Code   158  mfrc522.o(.text.MFRC522_Anticoll)
    MFRC522_CalculateCRC                     0x08001b69   Thumb Code   222  mfrc522.o(.text.MFRC522_CalculateCRC)
    MFRC522_Check                            0x08001c49   Thumb Code    50  mfrc522.o(.text.MFRC522_Check)
    MFRC522_Halt                             0x08001c7d   Thumb Code    54  mfrc522.o(.text.MFRC522_Halt)
    MFRC522_Init                             0x08001cb5   Thumb Code   174  mfrc522.o(.text.MFRC522_Init)
    MFRC522_ReadFromRegister                 0x08001d65   Thumb Code    58  mfrc522.o(.text.MFRC522_ReadFromRegister)
    MFRC522_Request                          0x08001da1   Thumb Code    94  mfrc522.o(.text.MFRC522_Request)
    MFRC522_Reset                            0x08001e01   Thumb Code    26  mfrc522.o(.text.MFRC522_Reset)
    MFRC522_ResetBitMask                     0x08001e1d   Thumb Code    70  mfrc522.o(.text.MFRC522_ResetBitMask)
    MFRC522_SetBitMask                       0x08001e65   Thumb Code    70  mfrc522.o(.text.MFRC522_SetBitMask)
    MFRC522_ToCard                           0x08001ead   Thumb Code   622  mfrc522.o(.text.MFRC522_ToCard)
    MFRC522_WriteToRegister                  0x0800211d   Thumb Code    58  mfrc522.o(.text.MFRC522_WriteToRegister)
    RCC_APB2PeriphClockCmd                   0x08002159   Thumb Code    56  stm32f10x_rcc.o(.text.RCC_APB2PeriphClockCmd)
    SPI1_Enable                              0x08002191   Thumb Code    18  spi1.o(.text.SPI1_Enable)
    SPI1_InitPort                            0x080021a5   Thumb Code    62  spi1.o(.text.SPI1_InitPort)
    SPI1_NSSdisable                          0x080021e5   Thumb Code    18  spi1.o(.text.SPI1_NSSdisable)
    SPI1_NSSenable                           0x080021f9   Thumb Code    18  spi1.o(.text.SPI1_NSSenable)
    SPI1_Receive                             0x0800220d   Thumb Code    98  spi1.o(.text.SPI1_Receive)
    SPI1_Setup                               0x08002271   Thumb Code   102  spi1.o(.text.SPI1_Setup)
    SPI1_Transmit                            0x080022d9   Thumb Code   140  spi1.o(.text.SPI1_Transmit)
    SPI1_TransmitSingleByte                  0x08002365   Thumb Code   114  spi1.o(.text.SPI1_TransmitSingleByte)
    SysTick_Handler                          0x08002559   Thumb Code    16  delay.o(.text.SysTick_Handler)
    SystemInit                               0x08002569   Thumb Code   102  system_stm32f10x.o(.text.SystemInit)
    delay                                    0x08002615   Thumb Code    46  delay.o(.text.delay)
    main                                     0x08002645   Thumb Code  1000  project.o(.text.main)
    _btod_d2e                                0x08002a2d   Thumb Code    62  btod.o(CL$$btod_d2e)
    _d2e_denorm_low                          0x08002a6b   Thumb Code    70  btod.o(CL$$btod_d2e_denorm_low)
    _d2e_norm_op1                            0x08002ab1   Thumb Code    96  btod.o(CL$$btod_d2e_norm_op1)
    __btod_div_common                        0x08002b11   Thumb Code   696  btod.o(CL$$btod_div_common)
    _e2e                                     0x08002e49   Thumb Code   220  btod.o(CL$$btod_e2e)
    _btod_ediv                               0x08002f25   Thumb Code    42  btod.o(CL$$btod_ediv)
    _btod_emul                               0x08002f4f   Thumb Code    42  btod.o(CL$$btod_emul)
    __btod_mult_common                       0x08002f79   Thumb Code   580  btod.o(CL$$btod_mult_common)
    __ARM_fpclassify                         0x080031bd   Thumb Code    40  fpclassify.o(i.__ARM_fpclassify)
    _is_digit                                0x080031e5   Thumb Code    14  __printf_wp.o(i._is_digit)
    _get_lc_numeric                          0x080031f5   Thumb Code    44  lc_numeric_c.o(locale$$code)
    _get_lc_ctype                            0x08003221   Thumb Code    44  lc_ctype_c.o(locale$$code)
    _printf_fp_dec                           0x0800324d   Thumb Code     4  printf1.o(x$fpl$printf1)
    _printf_fp_hex                           0x08003251   Thumb Code     4  printf2.o(x$fpl$printf2)
    __I$use$fp                               0x08003254   Number         0  usenofp.o(x$fpl$usenofp)
    itemName1                                0x08003350   Data          10  project.o(.rodata.itemName1)
    itemName2                                0x0800335a   Data           5  project.o(.rodata.itemName2)
    itemName3                                0x0800335f   Data           8  project.o(.rodata.itemName3)
    itemName4                                0x08003367   Data           6  project.o(.rodata.itemName4)
    itemName5                                0x0800336d   Data           5  project.o(.rodata.itemName5)
    Region$$Table$$Base                      0x080033c0   Number         0  anon$$obj.o(Region$$Table)
    Region$$Table$$Limit                     0x080033e0   Number         0  anon$$obj.o(Region$$Table)
    __ctype                                  0x08003409   Data           0  lc_ctype_c.o(locale$$data)
    SystemCoreClock                          0x20000000   Data           4  system_stm32f10x.o(.data.SystemCoreClock)
    card1ID                                  0x20000004   Data           5  project.o(.data.card1ID)
    card2ID                                  0x20000009   Data           5  project.o(.data.card2ID)
    card3ID                                  0x2000000e   Data           5  project.o(.data.card3ID)
    card4ID                                  0x20000013   Data           5  project.o(.data.card4ID)
    card5ID                                  0x20000018   Data           5  project.o(.data.card5ID)
    itemPrice1                               0x20000020   Data           4  project.o(.data.itemPrice1)
    itemPrice2                               0x20000024   Data           4  project.o(.data.itemPrice2)
    itemPrice3                               0x20000028   Data           4  project.o(.data.itemPrice3)
    itemPrice4                               0x2000002c   Data           4  project.o(.data.itemPrice4)
    itemPrice5                               0x20000030   Data           4  project.o(.data.itemPrice5)
    __libspace_start                         0x20000038   Data          96  libspace.o(.bss)
    __temporary_stack_top$libspace           0x20000098   Data           0  libspace.o(.bss)
    cardID                                   0x20000098   Data           5  project.o(.bss.cardID)
    item1Scanned                             0x200000a0   Data           4  project.o(.bss.item1Scanned)
    item2Scanned                             0x200000a4   Data           4  project.o(.bss.item2Scanned)
    item3Scanned                             0x200000a8   Data           4  project.o(.bss.item3Scanned)
    item4Scanned                             0x200000ac   Data           4  project.o(.bss.item4Scanned)
    item5Scanned                             0x200000b0   Data           4  project.o(.bss.item5Scanned)
    msTicks                                  0x200000b4   Data           4  delay.o(.bss.msTicks)
    totalAmount                              0x200000b8   Data           4  project.o(.bss.totalAmount)



==============================================================================

Memory Map of the image

  Image Entry point : 0x08000261

  Load Region LR_1 (Base: 0x08000000, Size: 0x00003540, Max: 0xffffffff, ABSOLUTE)

    Execution Region ER_RO (Exec base: 0x08000000, Load base: 0x08000000, Size: 0x0000350c, Max: 0xffffffff, ABSOLUTE)

    Exec Addr    Load Addr    Size         Type   Attr      Idx    E Section Name        Object

    0x08000000   0x08000000   0x000000ec   Data   RO          270    RESET               startup_stm32f10x_md.o
    0x080000ec   0x080000ec   0x00000008   Code   RO          304  * !!!main             c_w.l(__main.o)
    0x080000f4   0x080000f4   0x0000005c   Code   RO          643    !!!scatter          c_w.l(__scatter.o)
    0x08000150   0x08000150   0x0000001a   Code   RO          647    !!handler_copy      c_w.l(__scatter_copy.o)
    0x0800016a   0x0800016a   0x00000002   PAD
    0x0800016c   0x0800016c   0x00000002   Code   RO          644    !!handler_null      c_w.l(__scatter.o)
    0x0800016e   0x0800016e   0x00000002   PAD
    0x08000170   0x08000170   0x0000001c   Code   RO          649    !!handler_zi        c_w.l(__scatter_zi.o)
    0x0800018c   0x0800018c   0x00000000   Code   RO          390    .ARM.Collect$$_printf_percent$$00000000  c_w.l(_printf_percent.o)
    0x0800018c   0x0800018c   0x00000006   Code   RO          379    .ARM.Collect$$_printf_percent$$00000001  c_w.l(_printf_n.o)
    0x08000192   0x08000192   0x00000006   Code   RO          381    .ARM.Collect$$_printf_percent$$00000002  c_w.l(_printf_p.o)
    0x08000198   0x08000198   0x00000006   Code   RO          386    .ARM.Collect$$_printf_percent$$00000003  c_w.l(_printf_f.o)
    0x0800019e   0x0800019e   0x00000006   Code   RO          387    .ARM.Collect$$_printf_percent$$00000004  c_w.l(_printf_e.o)
    0x080001a4   0x080001a4   0x00000006   Code   RO          388    .ARM.Collect$$_printf_percent$$00000005  c_w.l(_printf_g.o)
    0x080001aa   0x080001aa   0x00000006   Code   RO          389    .ARM.Collect$$_printf_percent$$00000006  c_w.l(_printf_a.o)
    0x080001b0   0x080001b0   0x0000000a   Code   RO          394    .ARM.Collect$$_printf_percent$$00000007  c_w.l(_printf_ll.o)
    0x080001ba   0x080001ba   0x00000006   Code   RO          383    .ARM.Collect$$_printf_percent$$00000008  c_w.l(_printf_i.o)
    0x080001c0   0x080001c0   0x00000006   Code   RO          384    .ARM.Collect$$_printf_percent$$00000009  c_w.l(_printf_d.o)
    0x080001c6   0x080001c6   0x00000006   Code   RO          385    .ARM.Collect$$_printf_percent$$0000000A  c_w.l(_printf_u.o)
    0x080001cc   0x080001cc   0x00000006   Code   RO          382    .ARM.Collect$$_printf_percent$$0000000B  c_w.l(_printf_o.o)
    0x080001d2   0x080001d2   0x00000006   Code   RO          380    .ARM.Collect$$_printf_percent$$0000000C  c_w.l(_printf_x.o)
    0x080001d8   0x080001d8   0x00000006   Code   RO          391    .ARM.Collect$$_printf_percent$$0000000D  c_w.l(_printf_lli.o)
    0x080001de   0x080001de   0x00000006   Code   RO          392    .ARM.Collect$$_printf_percent$$0000000E  c_w.l(_printf_lld.o)
    0x080001e4   0x080001e4   0x00000006   Code   RO          393    .ARM.Collect$$_printf_percent$$0000000F  c_w.l(_printf_llu.o)
    0x080001ea   0x080001ea   0x00000006   Code   RO          398    .ARM.Collect$$_printf_percent$$00000010  c_w.l(_printf_llo.o)
    0x080001f0   0x080001f0   0x00000006   Code   RO          399    .ARM.Collect$$_printf_percent$$00000011  c_w.l(_printf_llx.o)
    0x080001f6   0x080001f6   0x0000000a   Code   RO          395    .ARM.Collect$$_printf_percent$$00000012  c_w.l(_printf_l.o)
    0x08000200   0x08000200   0x00000006   Code   RO          377    .ARM.Collect$$_printf_percent$$00000013  c_w.l(_printf_c.o)
    0x08000206   0x08000206   0x00000006   Code   RO          378    .ARM.Collect$$_printf_percent$$00000014  c_w.l(_printf_s.o)
    0x0800020c   0x0800020c   0x00000006   Code   RO          396    .ARM.Collect$$_printf_percent$$00000015  c_w.l(_printf_lc.o)
    0x08000212   0x08000212   0x00000006   Code   RO          397    .ARM.Collect$$_printf_percent$$00000016  c_w.l(_printf_ls.o)
    0x08000218   0x08000218   0x00000004   Code   RO          440    .ARM.Collect$$_printf_percent$$00000017  c_w.l(_printf_percent_end.o)
    0x0800021c   0x0800021c   0x00000002   Code   RO          491    .ARM.Collect$$libinit$$00000000  c_w.l(libinit.o)
    0x0800021e   0x0800021e   0x00000000   Code   RO          510    .ARM.Collect$$libinit$$00000002  c_w.l(libinit2.o)
    0x0800021e   0x0800021e   0x00000000   Code   RO          512    .ARM.Collect$$libinit$$00000004  c_w.l(libinit2.o)
    0x0800021e   0x0800021e   0x00000000   Code   RO          514    .ARM.Collect$$libinit$$00000006  c_w.l(libinit2.o)
    0x0800021e   0x0800021e   0x00000000   Code   RO          517    .ARM.Collect$$libinit$$0000000C  c_w.l(libinit2.o)
    0x0800021e   0x0800021e   0x00000000   Code   RO          519    .ARM.Collect$$libinit$$0000000E  c_w.l(libinit2.o)
    0x0800021e   0x0800021e   0x00000000   Code   RO          521    .ARM.Collect$$libinit$$00000010  c_w.l(libinit2.o)
    0x0800021e   0x0800021e   0x00000006   Code   RO          522    .ARM.Collect$$libinit$$00000011  c_w.l(libinit2.o)
    0x08000224   0x08000224   0x00000000   Code   RO          524    .ARM.Collect$$libinit$$00000013  c_w.l(libinit2.o)
    0x08000224   0x08000224   0x0000000c   Code   RO          525    .ARM.Collect$$libinit$$00000014  c_w.l(libinit2.o)
    0x08000230   0x08000230   0x00000000   Code   RO          526    .ARM.Collect$$libinit$$00000015  c_w.l(libinit2.o)
    0x08000230   0x08000230   0x00000000   Code   RO          528    .ARM.Collect$$libinit$$00000017  c_w.l(libinit2.o)
    0x08000230   0x08000230   0x0000000a   Code   RO          529    .ARM.Collect$$libinit$$00000018  c_w.l(libinit2.o)
    0x0800023a   0x0800023a   0x00000000   Code   RO          530    .ARM.Collect$$libinit$$00000019  c_w.l(libinit2.o)
    0x0800023a   0x0800023a   0x00000000   Code   RO          532    .ARM.Collect$$libinit$$0000001B  c_w.l(libinit2.o)
    0x0800023a   0x0800023a   0x00000000   Code   RO          534    .ARM.Collect$$libinit$$0000001D  c_w.l(libinit2.o)
    0x0800023a   0x0800023a   0x00000000   Code   RO          536    .ARM.Collect$$libinit$$0000001F  c_w.l(libinit2.o)
    0x0800023a   0x0800023a   0x00000000   Code   RO          538    .ARM.Collect$$libinit$$00000021  c_w.l(libinit2.o)
    0x0800023a   0x0800023a   0x00000000   Code   RO          540    .ARM.Collect$$libinit$$00000023  c_w.l(libinit2.o)
    0x0800023a   0x0800023a   0x00000000   Code   RO          542    .ARM.Collect$$libinit$$00000025  c_w.l(libinit2.o)
    0x0800023a   0x0800023a   0x00000000   Code   RO          544    .ARM.Collect$$libinit$$00000027  c_w.l(libinit2.o)
    0x0800023a   0x0800023a   0x00000000   Code   RO          548    .ARM.Collect$$libinit$$0000002E  c_w.l(libinit2.o)
    0x0800023a   0x0800023a   0x00000000   Code   RO          550    .ARM.Collect$$libinit$$00000030  c_w.l(libinit2.o)
    0x0800023a   0x0800023a   0x00000000   Code   RO          552    .ARM.Collect$$libinit$$00000032  c_w.l(libinit2.o)
    0x0800023a   0x0800023a   0x00000000   Code   RO          554    .ARM.Collect$$libinit$$00000034  c_w.l(libinit2.o)
    0x0800023a   0x0800023a   0x00000002   Code   RO          555    .ARM.Collect$$libinit$$00000035  c_w.l(libinit2.o)
    0x0800023c   0x0800023c   0x00000002   Code   RO          579    .ARM.Collect$$libshutdown$$00000000  c_w.l(libshutdown.o)
    0x0800023e   0x0800023e   0x00000000   Code   RO          594    .ARM.Collect$$libshutdown$$00000002  c_w.l(libshutdown2.o)
    0x0800023e   0x0800023e   0x00000000   Code   RO          596    .ARM.Collect$$libshutdown$$00000004  c_w.l(libshutdown2.o)
    0x0800023e   0x0800023e   0x00000000   Code   RO          599    .ARM.Collect$$libshutdown$$00000007  c_w.l(libshutdown2.o)
    0x0800023e   0x0800023e   0x00000000   Code   RO          602    .ARM.Collect$$libshutdown$$0000000A  c_w.l(libshutdown2.o)
    0x0800023e   0x0800023e   0x00000000   Code   RO          604    .ARM.Collect$$libshutdown$$0000000C  c_w.l(libshutdown2.o)
    0x0800023e   0x0800023e   0x00000000   Code   RO          607    .ARM.Collect$$libshutdown$$0000000F  c_w.l(libshutdown2.o)
    0x0800023e   0x0800023e   0x00000002   Code   RO          608    .ARM.Collect$$libshutdown$$00000010  c_w.l(libshutdown2.o)
    0x08000240   0x08000240   0x00000000   Code   RO          306    .ARM.Collect$$rtentry$$00000000  c_w.l(__rtentry.o)
    0x08000240   0x08000240   0x00000000   Code   RO          409    .ARM.Collect$$rtentry$$00000002  c_w.l(__rtentry2.o)
    0x08000240   0x08000240   0x00000006   Code   RO          421    .ARM.Collect$$rtentry$$00000004  c_w.l(__rtentry4.o)
    0x08000246   0x08000246   0x00000000   Code   RO          411    .ARM.Collect$$rtentry$$00000009  c_w.l(__rtentry2.o)
    0x08000246   0x08000246   0x00000004   Code   RO          412    .ARM.Collect$$rtentry$$0000000A  c_w.l(__rtentry2.o)
    0x0800024a   0x0800024a   0x00000000   Code   RO          414    .ARM.Collect$$rtentry$$0000000C  c_w.l(__rtentry2.o)
    0x0800024a   0x0800024a   0x00000008   Code   RO          415    .ARM.Collect$$rtentry$$0000000D  c_w.l(__rtentry2.o)
    0x08000252   0x08000252   0x00000002   Code   RO          500    .ARM.Collect$$rtexit$$00000000  c_w.l(rtexit.o)
    0x08000254   0x08000254   0x00000000   Code   RO          557    .ARM.Collect$$rtexit$$00000002  c_w.l(rtexit2.o)
    0x08000254   0x08000254   0x00000004   Code   RO          558    .ARM.Collect$$rtexit$$00000003  c_w.l(rtexit2.o)
    0x08000258   0x08000258   0x00000006   Code   RO          559    .ARM.Collect$$rtexit$$00000004  c_w.l(rtexit2.o)
    0x0800025e   0x0800025e   0x00000002   PAD
    0x08000260   0x08000260   0x00000040   Code   RO          271  * .text               startup_stm32f10x_md.o
    0x080002a0   0x080002a0   0x0000002c   Code   RO          296    .text               c_w.l(sprintf.o)
    0x080002cc   0x080002cc   0x00000040   Code   RO          298    .text               c_w.l(snprintf.o)
    0x0800030c   0x0800030c   0x00000058   Code   RO          300    .text               c_w.l(memcmp.o)
    0x08000364   0x08000364   0x00000006   Code   RO          302    .text               c_w.l(heapauxi.o)
    0x0800036a   0x0800036a   0x0000004e   Code   RO          309    .text               c_w.l(_printf_pad.o)
    0x080003b8   0x080003b8   0x00000024   Code   RO          311    .text               c_w.l(_printf_truncate.o)
    0x080003dc   0x080003dc   0x00000052   Code   RO          313    .text               c_w.l(_printf_str.o)
    0x0800042e   0x0800042e   0x00000002   PAD
    0x08000430   0x08000430   0x00000078   Code   RO          315    .text               c_w.l(_printf_dec.o)
    0x080004a8   0x080004a8   0x00000028   Code   RO          317    .text               c_w.l(_printf_charcount.o)
    0x080004d0   0x080004d0   0x00000030   Code   RO          319    .text               c_w.l(_printf_char_common.o)
    0x08000500   0x08000500   0x0000000a   Code   RO          321    .text               c_w.l(_sputc.o)
    0x0800050a   0x0800050a   0x00000010   Code   RO          323    .text               c_w.l(_snputc.o)
    0x0800051a   0x0800051a   0x00000002   PAD
    0x0800051c   0x0800051c   0x000000bc   Code   RO          325    .text               c_w.l(_printf_wctomb.o)
    0x080005d8   0x080005d8   0x0000007c   Code   RO          328    .text               c_w.l(_printf_longlong_dec.o)
    0x08000654   0x08000654   0x00000070   Code   RO          334    .text               c_w.l(_printf_oct_int_ll.o)
    0x080006c4   0x080006c4   0x00000094   Code   RO          354    .text               c_w.l(_printf_hex_int_ll_ptr.o)
    0x08000758   0x08000758   0x00000188   Code   RO          374    .text               c_w.l(__printf_flags_ss_wp.o)
    0x080008e0   0x080008e0   0x0000008a   Code   RO          423    .text               c_w.l(lludiv10.o)
    0x0800096a   0x0800096a   0x000000b2   Code   RO          425    .text               c_w.l(_printf_intcommon.o)
    0x08000a1c   0x08000a1c   0x0000041c   Code   RO          427    .text               c_w.l(_printf_fp_dec.o)
    0x08000e38   0x08000e38   0x000002fc   Code   RO          431    .text               c_w.l(_printf_fp_hex.o)
    0x08001134   0x08001134   0x0000002c   Code   RO          436    .text               c_w.l(_printf_char.o)
    0x08001160   0x08001160   0x0000002c   Code   RO          438    .text               c_w.l(_printf_wchar.o)
    0x0800118c   0x0800118c   0x00000048   Code   RO          441    .text               c_w.l(_c16rtomb.o)
    0x080011d4   0x080011d4   0x0000004a   Code   RO          443    .text               c_w.l(sys_stackheap_outer.o)
    0x0800121e   0x0800121e   0x00000002   PAD
    0x08001220   0x08001220   0x00000010   Code   RO          445    .text               c_w.l(rt_ctype_table.o)
    0x08001230   0x08001230   0x00000008   Code   RO          450    .text               c_w.l(rt_locale_intlibspace.o)
    0x08001238   0x08001238   0x00000080   Code   RO          452    .text               c_w.l(_printf_fp_infnan.o)
    0x080012b8   0x080012b8   0x000000e4   Code   RO          454    .text               c_w.l(bigflt0.o)
    0x0800139c   0x0800139c   0x00000012   Code   RO          484    .text               c_w.l(exit.o)
    0x080013ae   0x080013ae   0x00000002   PAD
    0x080013b0   0x080013b0   0x00000008   Code   RO          497    .text               c_w.l(libspace.o)
    0x080013b8   0x080013b8   0x00000080   Code   RO          507    .text               c_w.l(strcmpv7m.o)
    0x08001438   0x08001438   0x0000000c   Code   RO          569    .text               c_w.l(sys_exit.o)
    0x08001444   0x08001444   0x00000002   Code   RO          584    .text               c_w.l(use_no_semi.o)
    0x08001446   0x08001446   0x00000000   Code   RO          586    .text               c_w.l(indicate_semi.o)
    0x08001446   0x08001446   0x00000002   PAD
    0x08001448   0x08001448   0x0000001c   Code   RO          126    .text.DisplayAddItemMessage  project.o
    0x08001464   0x08001464   0x00000038   Code   RO          128    .text.DisplayItemAdded  project.o
    0x0800149c   0x0800149c   0x00000038   Code   RO          130    .text.DisplayItemRemoved  project.o
    0x080014d4   0x080014d4   0x0000004a   Code   RO          132    .text.DisplayTotalAmount  project.o
    0x0800151e   0x0800151e   0x00000002   PAD
    0x08001520   0x08001520   0x0000003e   Code   RO          124    .text.DisplayWelcomeMessage  project.o
    0x0800155e   0x0800155e   0x00000002   PAD
    0x08001560   0x08001560   0x00000186   Code   RO            6    .text.GPIO_Init     stm32f10x_gpio.o
    0x080016e6   0x080016e6   0x00000002   PAD
    0x080016e8   0x080016e8   0x00000014   Code   RO           20    .text.GPIO_ResetBits  stm32f10x_gpio.o
    0x080016fc   0x080016fc   0x00000014   Code   RO           18    .text.GPIO_SetBits  stm32f10x_gpio.o
    0x08001710   0x08001710   0x0000002c   Code   RO           22    .text.GPIO_WriteBit  stm32f10x_gpio.o
    0x0800173c   0x0800173c   0x00000050   Code   RO          250    .text.LCD_Begin     lcd.o
    0x0800178c   0x0800178c   0x00000010   Code   RO          254    .text.LCD_Clear     lcd.o
    0x0800179c   0x0800179c   0x00000010   Code   RO          122    .text.LCD_Init      project.o
    0x080017ac   0x080017ac   0x00000044   Code   RO          248    .text.LCD_InitPins  lcd.o
    0x080017f0   0x080017f0   0x00000022   Code   RO          258    .text.LCD_Print     lcd.o
    0x08001812   0x08001812   0x00000002   PAD
    0x08001814   0x08001814   0x000000e8   Code   RO          252    .text.LCD_SendCommand  lcd.o
    0x080018fc   0x080018fc   0x000000e8   Code   RO          260    .text.LCD_SendData  lcd.o
    0x080019e4   0x080019e4   0x00000032   Code   RO          256    .text.LCD_SetCursor  lcd.o
    0x08001a16   0x08001a16   0x00000002   PAD
    0x08001a18   0x08001a18   0x00000032   Code   RO          120    .text.LED_Blink     project.o
    0x08001a4a   0x08001a4a   0x00000002   PAD
    0x08001a4c   0x08001a4c   0x00000048   Code   RO          118    .text.LED_Init      project.o
    0x08001a94   0x08001a94   0x00000032   Code   RO          184    .text.MFRC522_AntennaOn  mfrc522.o
    0x08001ac6   0x08001ac6   0x00000002   PAD
    0x08001ac8   0x08001ac8   0x0000009e   Code   RO          196    .text.MFRC522_Anticoll  mfrc522.o
    0x08001b66   0x08001b66   0x00000002   PAD
    0x08001b68   0x08001b68   0x000000de   Code   RO          198    .text.MFRC522_CalculateCRC  mfrc522.o
    0x08001c46   0x08001c46   0x00000002   PAD
    0x08001c48   0x08001c48   0x00000032   Code   RO          202    .text.MFRC522_Check  mfrc522.o
    0x08001c7a   0x08001c7a   0x00000002   PAD
    0x08001c7c   0x08001c7c   0x00000036   Code   RO          200    .text.MFRC522_Halt  mfrc522.o
    0x08001cb2   0x08001cb2   0x00000002   PAD
    0x08001cb4   0x08001cb4   0x000000ae   Code   RO          190    .text.MFRC522_Init  mfrc522.o
    0x08001d62   0x08001d62   0x00000002   PAD
    0x08001d64   0x08001d64   0x0000003a   Code   RO          178    .text.MFRC522_ReadFromRegister  mfrc522.o
    0x08001d9e   0x08001d9e   0x00000002   PAD
    0x08001da0   0x08001da0   0x0000005e   Code   RO          194    .text.MFRC522_Request  mfrc522.o
    0x08001dfe   0x08001dfe   0x00000002   PAD
    0x08001e00   0x08001e00   0x0000001a   Code   RO          188    .text.MFRC522_Reset  mfrc522.o
    0x08001e1a   0x08001e1a   0x00000002   PAD
    0x08001e1c   0x08001e1c   0x00000046   Code   RO          182    .text.MFRC522_ResetBitMask  mfrc522.o
    0x08001e62   0x08001e62   0x00000002   PAD
    0x08001e64   0x08001e64   0x00000046   Code   RO          180    .text.MFRC522_SetBitMask  mfrc522.o
    0x08001eaa   0x08001eaa   0x00000002   PAD
    0x08001eac   0x08001eac   0x0000026e   Code   RO          192    .text.MFRC522_ToCard  mfrc522.o
    0x0800211a   0x0800211a   0x00000002   PAD
    0x0800211c   0x0800211c   0x0000003a   Code   RO          176    .text.MFRC522_WriteToRegister  mfrc522.o
    0x08002156   0x08002156   0x00000002   PAD
    0x08002158   0x08002158   0x00000038   Code   RO           89    .text.RCC_APB2PeriphClockCmd  stm32f10x_rcc.o
    0x08002190   0x08002190   0x00000012   Code   RO          215    .text.SPI1_Enable   spi1.o
    0x080021a2   0x080021a2   0x00000002   PAD
    0x080021a4   0x080021a4   0x0000003e   Code   RO          211    .text.SPI1_InitPort  spi1.o
    0x080021e2   0x080021e2   0x00000002   PAD
    0x080021e4   0x080021e4   0x00000012   Code   RO          221    .text.SPI1_NSSdisable  spi1.o
    0x080021f6   0x080021f6   0x00000002   PAD
    0x080021f8   0x080021f8   0x00000012   Code   RO          219    .text.SPI1_NSSenable  spi1.o
    0x0800220a   0x0800220a   0x00000002   PAD
    0x0800220c   0x0800220c   0x00000062   Code   RO          225    .text.SPI1_Receive  spi1.o
    0x0800226e   0x0800226e   0x00000002   PAD
    0x08002270   0x08002270   0x00000066   Code   RO          213    .text.SPI1_Setup    spi1.o
    0x080022d6   0x080022d6   0x00000002   PAD
    0x080022d8   0x080022d8   0x0000008c   Code   RO          223    .text.SPI1_Transmit  spi1.o
    0x08002364   0x08002364   0x00000072   Code   RO          227    .text.SPI1_TransmitSingleByte  spi1.o
    0x080023d6   0x080023d6   0x00000002   PAD
    0x080023d8   0x080023d8   0x00000008   Code   RO          280    .text.SetSysClock   system_stm32f10x.o
    0x080023e0   0x080023e0   0x00000122   Code   RO          284    .text.SetSysClockTo72  system_stm32f10x.o
    0x08002502   0x08002502   0x00000002   PAD
    0x08002504   0x08002504   0x00000052   Code   RO          136    .text.SysTick_Config  project.o
    0x08002556   0x08002556   0x00000002   PAD
    0x08002558   0x08002558   0x00000010   Code   RO          236    .text.SysTick_Handler  delay.o
    0x08002568   0x08002568   0x00000066   Code   RO          278    .text.SystemInit    system_stm32f10x.o
    0x080025ce   0x080025ce   0x00000002   PAD
    0x080025d0   0x080025d0   0x00000042   Code   RO          138    .text.__NVIC_SetPriority  project.o
    0x08002612   0x08002612   0x00000002   PAD
    0x08002614   0x08002614   0x0000002e   Code   RO          238    .text.delay         delay.o
    0x08002642   0x08002642   0x00000002   PAD
    0x08002644   0x08002644   0x000003e8   Code   RO          134    .text.main          project.o
    0x08002a2c   0x08002a2c   0x0000003e   Code   RO          457    CL$$btod_d2e        c_w.l(btod.o)
    0x08002a6a   0x08002a6a   0x00000046   Code   RO          459    CL$$btod_d2e_denorm_low  c_w.l(btod.o)
    0x08002ab0   0x08002ab0   0x00000060   Code   RO          458    CL$$btod_d2e_norm_op1  c_w.l(btod.o)
    0x08002b10   0x08002b10   0x00000338   Code   RO          467    CL$$btod_div_common  c_w.l(btod.o)
    0x08002e48   0x08002e48   0x000000dc   Code   RO          464    CL$$btod_e2e        c_w.l(btod.o)
    0x08002f24   0x08002f24   0x0000002a   Code   RO          461    CL$$btod_ediv       c_w.l(btod.o)
    0x08002f4e   0x08002f4e   0x0000002a   Code   RO          460    CL$$btod_emul       c_w.l(btod.o)
    0x08002f78   0x08002f78   0x00000244   Code   RO          466    CL$$btod_mult_common  c_w.l(btod.o)
    0x080031bc   0x080031bc   0x00000028   Code   RO          495    i.__ARM_fpclassify  m_ws.l(fpclassify.o)
    0x080031e4   0x080031e4   0x0000000e   Code   RO          367    i._is_digit         c_w.l(__printf_wp.o)
    0x080031f2   0x080031f2   0x00000002   PAD
    0x080031f4   0x080031f4   0x0000002c   Code   RO          482    locale$$code        c_w.l(lc_numeric_c.o)
    0x08003220   0x08003220   0x0000002c   Code   RO          505    locale$$code        c_w.l(lc_ctype_c.o)
    0x0800324c   0x0800324c   0x00000004   Code   RO          400    x$fpl$printf1       fz_ws.l(printf1.o)
    0x08003250   0x08003250   0x00000004   Code   RO          402    x$fpl$printf2       fz_ws.l(printf2.o)
    0x08003254   0x08003254   0x00000000   Code   RO          494    x$fpl$usenofp       fz_ws.l(usenofp.o)
    0x08003254   0x08003254   0x00000008   Data   RO          326    .constdata          c_w.l(_printf_wctomb.o)
    0x0800325c   0x0800325c   0x00000028   Data   RO          355    .constdata          c_w.l(_printf_hex_int_ll_ptr.o)
    0x08003284   0x08003284   0x00000011   Data   RO          375    .constdata          c_w.l(__printf_flags_ss_wp.o)
    0x08003295   0x08003295   0x00000026   Data   RO          432    .constdata          c_w.l(_printf_fp_hex.o)
    0x080032bb   0x080032bb   0x00000001   PAD
    0x080032bc   0x080032bc   0x00000094   Data   RO          455    .constdata          c_w.l(bigflt0.o)
    0x08003350   0x08003350   0x0000000a   Data   RO          145    .rodata.itemName1   project.o
    0x0800335a   0x0800335a   0x00000005   Data   RO          147    .rodata.itemName2   project.o
    0x0800335f   0x0800335f   0x00000008   Data   RO          149    .rodata.itemName3   project.o
    0x08003367   0x08003367   0x00000006   Data   RO          151    .rodata.itemName4   project.o
    0x0800336d   0x0800336d   0x00000005   Data   RO          153    .rodata.itemName5   project.o
    0x08003372   0x08003372   0x0000004e   Data   RO          161    .rodata.str1.1      project.o
    0x080033c0   0x080033c0   0x00000020   Data   RO          642    Region$$Table       anon$$obj.o
    0x080033e0   0x080033e0   0x0000001c   Data   RO          481    locale$$data        c_w.l(lc_numeric_c.o)
    0x080033fc   0x080033fc   0x00000110   Data   RO          504    locale$$data        c_w.l(lc_ctype_c.o)


    Execution Region ER_RW (Exec base: 0x20000000, Load base: 0x0800350c, Size: 0x00000034, Max: 0xffffffff, ABSOLUTE)

    Exec Addr    Load Addr    Size         Type   Attr      Idx    E Section Name        Object

    0x20000000   0x0800350c   0x00000004   Data   RW          286    .data.SystemCoreClock  system_stm32f10x.o
    0x20000004   0x08003510   0x00000005   Data   RW          140    .data.card1ID       project.o
    0x20000009   0x08003515   0x00000005   Data   RW          141    .data.card2ID       project.o
    0x2000000e   0x0800351a   0x00000005   Data   RW          142    .data.card3ID       project.o
    0x20000013   0x0800351f   0x00000005   Data   RW          143    .data.card4ID       project.o
    0x20000018   0x08003524   0x00000005   Data   RW          144    .data.card5ID       project.o
    0x2000001d   0x08003529   0x00000003   PAD
    0x20000020   0x0800352c   0x00000004   Data   RW          146    .data.itemPrice1    project.o
    0x20000024   0x08003530   0x00000004   Data   RW          148    .data.itemPrice2    project.o
    0x20000028   0x08003534   0x00000004   Data   RW          150    .data.itemPrice3    project.o
    0x2000002c   0x08003538   0x00000004   Data   RW          152    .data.itemPrice4    project.o
    0x20000030   0x0800353c   0x00000004   Data   RW          154    .data.itemPrice5    project.o


    Execution Region ER_ZI (Exec base: 0x20000038, Load base: 0x08003540, Size: 0x00000688, Max: 0xffffffff, ABSOLUTE)

    Exec Addr    Load Addr    Size         Type   Attr      Idx    E Section Name        Object

    0x20000038        -       0x00000060   Zero   RW          498    .bss                c_w.l(libspace.o)
    0x20000098        -       0x00000005   Zero   RW          162    .bss.cardID         project.o
    0x2000009d   0x08003540   0x00000003   PAD
    0x200000a0        -       0x00000004   Zero   RW          156    .bss.item1Scanned   project.o
    0x200000a4        -       0x00000004   Zero   RW          157    .bss.item2Scanned   project.o
    0x200000a8        -       0x00000004   Zero   RW          158    .bss.item3Scanned   project.o
    0x200000ac        -       0x00000004   Zero   RW          159    .bss.item4Scanned   project.o
    0x200000b0        -       0x00000004   Zero   RW          160    .bss.item5Scanned   project.o
    0x200000b4        -       0x00000004   Zero   RW          240    .bss.msTicks        delay.o
    0x200000b8        -       0x00000004   Zero   RW          155    .bss.totalAmount    project.o
    0x200000bc   0x08003540   0x00000004   PAD
    0x200000c0        -       0x00000200   Zero   RW          269    HEAP                startup_stm32f10x_md.o
    0x200002c0        -       0x00000400   Zero   RW          268    STACK               startup_stm32f10x_md.o


==============================================================================

Image component sizes


      Code (inc. data)   RO Data    RW Data    ZI Data      Debug   Object Name

        62          0          0          0          4        725   delay.o
       712          0          0          0          0       2529   lcd.o
      1706          0          0          0          0       4588   mfrc522.o
      1562          0        112         45         29       6688   project.o
       570          0          0          0          0       2672   spi1.o
        64         26        236          0       1536        820   startup_stm32f10x_md.o
       474          0          0          0          0       5483   stm32f10x_gpio.o
        56          0          0          0          0       6811   stm32f10x_rcc.o
       400          0          0          4          0       2974   system_stm32f10x.o

    ----------------------------------------------------------------------
      5668         26        380         52       1576      33290   Object Totals
         0          0         32          0          0          0   (incl. Generated)
        62          0          0          3          7          0   (incl. Padding)

    ----------------------------------------------------------------------

      Code (inc. data)   RO Data    RW Data    ZI Data      Debug   Library Member Name

         8          0          0          0          0         68   __main.o
       392          4         17          0          0         92   __printf_flags_ss_wp.o
        14          0          0          0          0         68   __printf_wp.o
         0          0          0          0          0          0   __rtentry.o
        12          0          0          0          0          0   __rtentry2.o
         6          0          0          0          0          0   __rtentry4.o
        94          8          0          0          0          0   __scatter.o
        26          0          0          0          0          0   __scatter_copy.o
        28          0          0          0          0          0   __scatter_zi.o
        72          0          0          0          0         96   _c16rtomb.o
         6          0          0          0          0          0   _printf_a.o
         6          0          0          0          0          0   _printf_c.o
        44          0          0          0          0        108   _printf_char.o
        48          6          0          0          0         96   _printf_char_common.o
        40          0          0          0          0         68   _printf_charcount.o
         6          0          0          0          0          0   _printf_d.o
       120         16          0          0          0         92   _printf_dec.o
         6          0          0          0          0          0   _printf_e.o
         6          0          0          0          0          0   _printf_f.o
      1052          0          0          0          0        148   _printf_fp_dec.o
       764          8         38          0          0        100   _printf_fp_hex.o
       128         16          0          0          0         84   _printf_fp_infnan.o
         6          0          0          0          0          0   _printf_g.o
       148          4         40          0          0        160   _printf_hex_int_ll_ptr.o
         6          0          0          0          0          0   _printf_i.o
       178          0          0          0          0         88   _printf_intcommon.o
        10          0          0          0          0          0   _printf_l.o
         6          0          0          0          0          0   _printf_lc.o
        10          0          0          0          0          0   _printf_ll.o
         6          0          0          0          0          0   _printf_lld.o
         6          0          0          0          0          0   _printf_lli.o
         6          0          0          0          0          0   _printf_llo.o
         6          0          0          0          0          0   _printf_llu.o
         6          0          0          0          0          0   _printf_llx.o
       124         16          0          0          0         92   _printf_longlong_dec.o
         6          0          0          0          0          0   _printf_ls.o
         6          0          0          0          0          0   _printf_n.o
         6          0          0          0          0          0   _printf_o.o
       112          8          0          0          0        124   _printf_oct_int_ll.o
         6          0          0          0          0          0   _printf_p.o
        78          0          0          0          0        108   _printf_pad.o
         0          0          0          0          0          0   _printf_percent.o
         4          0          0          0          0          0   _printf_percent_end.o
         6          0          0          0          0          0   _printf_s.o
        82          0          0          0          0         80   _printf_str.o
        36          0          0          0          0         84   _printf_truncate.o
         6          0          0          0          0          0   _printf_u.o
        44          0          0          0          0        108   _printf_wchar.o
       188          6          8          0          0         92   _printf_wctomb.o
         6          0          0          0          0          0   _printf_x.o
        16          0          0          0          0         68   _snputc.o
        10          0          0          0          0         68   _sputc.o
       228          4        148          0          0         96   bigflt0.o
      1936        128          0          0          0        668   btod.o
        18          0          0          0          0         80   exit.o
         6          0          0          0          0        152   heapauxi.o
         0          0          0          0          0          0   indicate_semi.o
        44         10        272          0          0         76   lc_ctype_c.o
        44         10         28          0          0         76   lc_numeric_c.o
         2          0          0          0          0          0   libinit.o
        30          0          0          0          0          0   libinit2.o
         2          0          0          0          0          0   libshutdown.o
         2          0          0          0          0          0   libshutdown2.o
         8          4          0          0         96         68   libspace.o
       138          0          0          0          0         80   lludiv10.o
        88          0          0          0          0         76   memcmp.o
        16          4          0          0          0         76   rt_ctype_table.o
         8          4          0          0          0         68   rt_locale_intlibspace.o
         2          0          0          0          0          0   rtexit.o
        10          0          0          0          0          0   rtexit2.o
        64          6          0          0          0         84   snprintf.o
        44          6          0          0          0         84   sprintf.o
       128          0          0          0          0         68   strcmpv7m.o
        12          4          0          0          0         68   sys_exit.o
        74          0          0          0          0         80   sys_stackheap_outer.o
         2          0          0          0          0         68   use_no_semi.o
         4          0          0          0          0         68   printf1.o
         4          0          0          0          0         68   printf2.o
         0          0          0          0          0          0   usenofp.o
        40          0          0          0          0         68   fpclassify.o

    ----------------------------------------------------------------------
      6980        272        552          0         96       4264   Library Totals
        18          0          1          0          0          0   (incl. Padding)

    ----------------------------------------------------------------------

      Code (inc. data)   RO Data    RW Data    ZI Data      Debug   Library Name

      6914        272        551          0         96       4060   c_w.l
         8          0          0          0          0        136   fz_ws.l
        40          0          0          0          0         68   m_ws.l

    ----------------------------------------------------------------------
      6980        272        552          0         96       4264   Library Totals

    ----------------------------------------------------------------------

==============================================================================


      Code (inc. data)   RO Data    RW Data    ZI Data      Debug   

     12648        298        932         52       1672      35190   Grand Totals
     12648        298        932         52       1672      35190   ELF Image Totals
     12648        298        932         52          0          0   ROM Totals

==============================================================================

    Total RO  Size (Code + RO Data)                13580 (  13.26kB)
    Total RW  Size (RW Data + ZI Data)              1724 (   1.68kB)
    Total ROM Size (Code + RO Data + RW Data)      13632 (  13.31kB)

==============================================================================

